Component: Arm Compiler for Embedded 6.21 Tool: armlink [5ec1fa00]

==============================================================================

Section Cross References

    main.o(.text.main) refers to main.o(.text.ADC_init) for ADC_init
    main.o(.text.main) refers to h_spi.o(.text.SPI_init) for SPI_init
    main.o(.text.main) refers to ili9225.o(.text.lcd_init) for lcd_init
    main.o(.text.main) refers to ili9225.o(.text.fill_rectangle) for fill_rectangle
    main.o(.text.main) refers to main.o(.text.Read_ADC_Avg) for Read_ADC_Avg
    main.o(.text.main) refers to ili9225.o(.text.drawCircle) for drawCircle
    main.o(.text.main) refers to ili9225.o(.text.delay_ms) for delay_ms
    main.o(.ARM.exidx.text.main) refers to main.o(.text.main) for [Anonymous Symbol]
    main.o(.ARM.exidx.text.ADC_init) refers to main.o(.text.ADC_init) for [Anonymous Symbol]
    main.o(.text.Read_ADC_Avg) refers to main.o(.text.Read_ADC) for Read_ADC
    main.o(.ARM.exidx.text.Read_ADC_Avg) refers to main.o(.text.Read_ADC_Avg) for [Anonymous Symbol]
    main.o(.ARM.exidx.text.Read_ADC) refers to main.o(.text.Read_ADC) for [Anonymous Symbol]
    h_spi.o(.text.SPI_init) refers to h_gpio.o(.text.GPIO_init) for GPIO_init
    h_spi.o(.ARM.exidx.text.SPI_init) refers to h_spi.o(.text.SPI_init) for [Anonymous Symbol]
    h_spi.o(.ARM.exidx.text.SPI_tx) refers to h_spi.o(.text.SPI_tx) for [Anonymous Symbol]
    h_spi.o(.ARM.exidx.text.SPI_rx) refers to h_spi.o(.text.SPI_rx) for [Anonymous Symbol]
    h_spi.o(.ARM.exidx.text.SPI_tx_array) refers to h_spi.o(.text.SPI_tx_array) for [Anonymous Symbol]
    ili9225.o(.ARM.exidx.text.spi_write) refers to ili9225.o(.text.spi_write) for [Anonymous Symbol]
    ili9225.o(.text.lcd_write_data) refers to h_gpio.o(.text.GPIO_Write_LOW) for GPIO_Write_LOW
    ili9225.o(.text.lcd_write_data) refers to h_gpio.o(.text.GPIO_Write_HIGH) for GPIO_Write_HIGH
    ili9225.o(.text.lcd_write_data) refers to ili9225.o(.text.spi_write) for spi_write
    ili9225.o(.ARM.exidx.text.lcd_write_data) refers to ili9225.o(.text.lcd_write_data) for [Anonymous Symbol]
    ili9225.o(.text.lcd_write_command) refers to h_gpio.o(.text.GPIO_Write_LOW) for GPIO_Write_LOW
    ili9225.o(.text.lcd_write_command) refers to ili9225.o(.text.spi_write) for spi_write
    ili9225.o(.text.lcd_write_command) refers to h_gpio.o(.text.GPIO_Write_HIGH) for GPIO_Write_HIGH
    ili9225.o(.ARM.exidx.text.lcd_write_command) refers to ili9225.o(.text.lcd_write_command) for [Anonymous Symbol]
    ili9225.o(.text.lcd_write_register) refers to ili9225.o(.text.lcd_write_command) for lcd_write_command
    ili9225.o(.text.lcd_write_register) refers to ili9225.o(.text.lcd_write_data) for lcd_write_data
    ili9225.o(.ARM.exidx.text.lcd_write_register) refers to ili9225.o(.text.lcd_write_register) for [Anonymous Symbol]
    ili9225.o(.ARM.exidx.text.swap_int) refers to ili9225.o(.text.swap_int) for [Anonymous Symbol]
    ili9225.o(.ARM.exidx.text.swap_char) refers to ili9225.o(.text.swap_char) for [Anonymous Symbol]
    ili9225.o(.text.delay_ms) refers to daddsub_clz.o(x$fpl$dadd) for __aeabi_dadd
    ili9225.o(.text.delay_ms) refers to dcmp.o(x$fpl$fcmp) for __aeabi_dcmpeq
    ili9225.o(.ARM.exidx.text.delay_ms) refers to ili9225.o(.text.delay_ms) for [Anonymous Symbol]
    ili9225.o(.ARM.exidx.text.delay_us) refers to ili9225.o(.text.delay_us) for [Anonymous Symbol]
    ili9225.o(.text.lcd_init) refers to h_gpio.o(.text.GPIO_Write_HIGH) for GPIO_Write_HIGH
    ili9225.o(.text.lcd_init) refers to h_gpio.o(.text.GPIO_Write_LOW) for GPIO_Write_LOW
    ili9225.o(.text.lcd_init) refers to ili9225.o(.text.delay_ms) for delay_ms
    ili9225.o(.text.lcd_init) refers to ili9225.o(.text.lcd_init_command_list) for lcd_init_command_list
    ili9225.o(.ARM.exidx.text.lcd_init) refers to ili9225.o(.text.lcd_init) for [Anonymous Symbol]
    ili9225.o(.text.lcd_init_command_list) refers to ili9225.o(.text.lcd_write_register) for lcd_write_register
    ili9225.o(.text.lcd_init_command_list) refers to ili9225.o(.text.delay_ms) for delay_ms
    ili9225.o(.ARM.exidx.text.lcd_init_command_list) refers to ili9225.o(.text.lcd_init_command_list) for [Anonymous Symbol]
    ili9225.o(.text.draw_pixel) refers to ili9225.o(.text.swap_char) for swap_char
    ili9225.o(.text.draw_pixel) refers to ili9225.o(.text.set_draw_window) for set_draw_window
    ili9225.o(.text.draw_pixel) refers to ili9225.o(.text.lcd_write_data) for lcd_write_data
    ili9225.o(.ARM.exidx.text.draw_pixel) refers to ili9225.o(.text.draw_pixel) for [Anonymous Symbol]
    ili9225.o(.text.set_draw_window) refers to ili9225.o(.text.swap_char) for swap_char
    ili9225.o(.text.set_draw_window) refers to ili9225.o(.text.lcd_write_register) for lcd_write_register
    ili9225.o(.text.set_draw_window) refers to ili9225.o(.text.lcd_write_command) for lcd_write_command
    ili9225.o(.ARM.exidx.text.set_draw_window) refers to ili9225.o(.text.set_draw_window) for [Anonymous Symbol]
    ili9225.o(.text.fill_rectangle) refers to ili9225.o(.text.swap_char) for swap_char
    ili9225.o(.text.fill_rectangle) refers to ili9225.o(.text.set_draw_window) for set_draw_window
    ili9225.o(.text.fill_rectangle) refers to h_gpio.o(.text.GPIO_Write_LOW) for GPIO_Write_LOW
    ili9225.o(.text.fill_rectangle) refers to ili9225.o(.text.lcd_write_data) for lcd_write_data
    ili9225.o(.text.fill_rectangle) refers to h_gpio.o(.text.GPIO_Write_HIGH) for GPIO_Write_HIGH
    ili9225.o(.ARM.exidx.text.fill_rectangle) refers to ili9225.o(.text.fill_rectangle) for [Anonymous Symbol]
    ili9225.o(.text.draw_char) refers to ili9225.o(.rodata.FontLarge) for FontLarge
    ili9225.o(.text.draw_char) refers to ili9225.o(.text.draw_pixel) for draw_pixel
    ili9225.o(.text.draw_char) refers to ili9225.o(.text.fill_rectangle) for fill_rectangle
    ili9225.o(.ARM.exidx.text.draw_char) refers to ili9225.o(.text.draw_char) for [Anonymous Symbol]
    ili9225.o(.text.draw_fast_char) refers to ili9225.o(.text.swap_char) for swap_char
    ili9225.o(.text.draw_fast_char) refers to ili9225.o(.text.set_draw_window) for set_draw_window
    ili9225.o(.text.draw_fast_char) refers to h_gpio.o(.text.GPIO_Write_LOW) for GPIO_Write_LOW
    ili9225.o(.text.draw_fast_char) refers to ili9225.o(.rodata.FontLarge) for FontLarge
    ili9225.o(.text.draw_fast_char) refers to ili9225.o(.text.lcd_write_data) for lcd_write_data
    ili9225.o(.text.draw_fast_char) refers to h_gpio.o(.text.GPIO_Write_HIGH) for GPIO_Write_HIGH
    ili9225.o(.ARM.exidx.text.draw_fast_char) refers to ili9225.o(.text.draw_fast_char) for [Anonymous Symbol]
    ili9225.o(.text.draw_string) refers to ili9225.o(.text.draw_char) for draw_char
    ili9225.o(.ARM.exidx.text.draw_string) refers to ili9225.o(.text.draw_string) for [Anonymous Symbol]
    ili9225.o(.text.draw_fast_string) refers to ili9225.o(.text.draw_fast_char) for draw_fast_char
    ili9225.o(.ARM.exidx.text.draw_fast_string) refers to ili9225.o(.text.draw_fast_string) for [Anonymous Symbol]
    ili9225.o(.text.draw_bitmap) refers to ili9225.o(.text.swap_char) for swap_char
    ili9225.o(.text.draw_bitmap) refers to ili9225.o(.text.swap_int) for swap_int
    ili9225.o(.text.draw_bitmap) refers to ili9225.o(.text.set_draw_window) for set_draw_window
    ili9225.o(.text.draw_bitmap) refers to h_gpio.o(.text.GPIO_Write_LOW) for GPIO_Write_LOW
    ili9225.o(.text.draw_bitmap) refers to ili9225.o(.text.lcd_write_data) for lcd_write_data
    ili9225.o(.text.draw_bitmap) refers to h_gpio.o(.text.GPIO_Write_HIGH) for GPIO_Write_HIGH
    ili9225.o(.ARM.exidx.text.draw_bitmap) refers to ili9225.o(.text.draw_bitmap) for [Anonymous Symbol]
    ili9225.o(.text.drawEmptyRectangle) refers to ili9225.o(.text.draw_pixel) for draw_pixel
    ili9225.o(.ARM.exidx.text.drawEmptyRectangle) refers to ili9225.o(.text.drawEmptyRectangle) for [Anonymous Symbol]
    ili9225.o(.text.drawCircle) refers to ili9225.o(.text.draw_pixel) for draw_pixel
    ili9225.o(.ARM.exidx.text.drawCircle) refers to ili9225.o(.text.drawCircle) for [Anonymous Symbol]
    ili9225.o(.text.drawThickLine) refers to ili9225.o(.text.drawLine) for drawLine
    ili9225.o(.ARM.exidx.text.drawThickLine) refers to ili9225.o(.text.drawThickLine) for [Anonymous Symbol]
    ili9225.o(.text.drawLine) refers to ili9225.o(.text.draw_pixel) for draw_pixel
    ili9225.o(.ARM.exidx.text.drawLine) refers to ili9225.o(.text.drawLine) for [Anonymous Symbol]
    ili9225.o(.text.drawTriangle) refers to ili9225.o(.text.drawThickLine) for drawThickLine
    ili9225.o(.ARM.exidx.text.drawTriangle) refers to ili9225.o(.text.drawTriangle) for [Anonymous Symbol]
    ili9225.o(.text.draw_star) refers to dflt_clz.o(x$fpl$dflt) for __aeabi_i2d
    ili9225.o(.text.draw_star) refers to cos.o(i.__hardfp_cos) for __hardfp_cos
    ili9225.o(.text.draw_star) refers to dmul.o(x$fpl$dmul) for __aeabi_dmul
    ili9225.o(.text.draw_star) refers to daddsub_clz.o(x$fpl$dadd) for __aeabi_dadd
    ili9225.o(.text.draw_star) refers to dfix.o(x$fpl$dfix) for __aeabi_d2iz
    ili9225.o(.text.draw_star) refers to sin.o(i.__hardfp_sin) for __hardfp_sin
    ili9225.o(.text.draw_star) refers to daddsub_clz.o(x$fpl$dsub) for __aeabi_dsub
    ili9225.o(.text.draw_star) refers to ili9225.o(.text.drawLine) for drawLine
    ili9225.o(.ARM.exidx.text.draw_star) refers to ili9225.o(.text.draw_star) for [Anonymous Symbol]
    ili9225.o(.text.erase_star) refers to ili9225.o(.text.draw_star) for draw_star
    ili9225.o(.ARM.exidx.text.erase_star) refers to ili9225.o(.text.erase_star) for [Anonymous Symbol]
    ili9225.o(.text.blink_star_edges) refers to ili9225.o(.text.draw_star) for draw_star
    ili9225.o(.text.blink_star_edges) refers to dflt_clz.o(x$fpl$dflt) for __aeabi_i2d
    ili9225.o(.text.blink_star_edges) refers to ili9225.o(.text.delay_ms) for delay_ms
    ili9225.o(.text.blink_star_edges) refers to ili9225.o(.text.erase_star) for erase_star
    ili9225.o(.ARM.exidx.text.blink_star_edges) refers to ili9225.o(.text.blink_star_edges) for [Anonymous Symbol]
    ili9225.o(.text.rotate_circle) refers to dflt_clz.o(x$fpl$dflt) for __aeabi_i2d
    ili9225.o(.text.rotate_circle) refers to f2d.o(x$fpl$f2d) for __aeabi_f2d
    ili9225.o(.text.rotate_circle) refers to dmul.o(x$fpl$dmul) for __aeabi_dmul
    ili9225.o(.text.rotate_circle) refers to ddiv.o(x$fpl$ddiv) for __aeabi_ddiv
    ili9225.o(.text.rotate_circle) refers to cos.o(i.__hardfp_cos) for __hardfp_cos
    ili9225.o(.text.rotate_circle) refers to daddsub_clz.o(x$fpl$dadd) for __aeabi_dadd
    ili9225.o(.text.rotate_circle) refers to dfix.o(x$fpl$dfix) for __aeabi_d2iz
    ili9225.o(.text.rotate_circle) refers to sin.o(i.__hardfp_sin) for __hardfp_sin
    ili9225.o(.text.rotate_circle) refers to ili9225.o(.text.drawCircle) for drawCircle
    ili9225.o(.ARM.exidx.text.rotate_circle) refers to ili9225.o(.text.rotate_circle) for [Anonymous Symbol]
    h_gpio.o(.ARM.exidx.text.GPIO_init) refers to h_gpio.o(.text.GPIO_init) for [Anonymous Symbol]
    h_gpio.o(.ARM.exidx.text.GPIO_Read) refers to h_gpio.o(.text.GPIO_Read) for [Anonymous Symbol]
    h_gpio.o(.ARM.exidx.text.GPIO_Write_HIGH) refers to h_gpio.o(.text.GPIO_Write_HIGH) for [Anonymous Symbol]
    h_gpio.o(.ARM.exidx.text.GPIO_Write_LOW) refers to h_gpio.o(.text.GPIO_Write_LOW) for [Anonymous Symbol]
    h_gpio.o(.ARM.exidx.text.GPIO_Toggle) refers to h_gpio.o(.text.GPIO_Toggle) for [Anonymous Symbol]
    startup_stm32f411xe.o(STACK) refers (Special) to heapauxi.o(.text) for __use_two_region_memory
    startup_stm32f411xe.o(HEAP) refers (Special) to heapauxi.o(.text) for __use_two_region_memory
    startup_stm32f411xe.o(RESET) refers (Special) to heapauxi.o(.text) for __use_two_region_memory
    startup_stm32f411xe.o(RESET) refers to startup_stm32f411xe.o(STACK) for __initial_sp
    startup_stm32f411xe.o(RESET) refers to startup_stm32f411xe.o(.text) for Reset_Handler
    startup_stm32f411xe.o(.text) refers (Special) to heapauxi.o(.text) for __use_two_region_memory
    startup_stm32f411xe.o(.text) refers to system_stm32f4xx.o(.text.SystemInit) for SystemInit
    startup_stm32f411xe.o(.text) refers to __main.o(!!!main) for __main
    startup_stm32f411xe.o(.text) refers to startup_stm32f411xe.o(HEAP) for Heap_Mem
    startup_stm32f411xe.o(.text) refers to startup_stm32f411xe.o(STACK) for Stack_Mem
    system_stm32f4xx.o(.ARM.exidx.text.SystemInit) refers to system_stm32f4xx.o(.text.SystemInit) for [Anonymous Symbol]
    system_stm32f4xx.o(.text.SystemCoreClockUpdate) refers to system_stm32f4xx.o(.data.SystemCoreClock) for SystemCoreClock
    system_stm32f4xx.o(.text.SystemCoreClockUpdate) refers to system_stm32f4xx.o(.rodata.AHBPrescTable) for AHBPrescTable
    system_stm32f4xx.o(.ARM.exidx.text.SystemCoreClockUpdate) refers to system_stm32f4xx.o(.text.SystemCoreClockUpdate) for [Anonymous Symbol]
    __main.o(!!!main) refers to __rtentry.o(.ARM.Collect$$rtentry$$00000000) for __rt_entry
    daddsub_clz.o(x$fpl$dadd) refers (Special) to usenofp.o(x$fpl$usenofp) for __I$use$fp
    daddsub_clz.o(x$fpl$dadd) refers to daddsub_clz.o(x$fpl$dsub) for _dsub1
    daddsub_clz.o(x$fpl$dadd) refers to dretinf.o(x$fpl$dretinf) for __fpl_dretinf
    daddsub_clz.o(x$fpl$dadd) refers to dnaninf.o(x$fpl$dnaninf) for __fpl_dnaninf
    daddsub_clz.o(x$fpl$drsb) refers (Special) to usenofp.o(x$fpl$usenofp) for __I$use$fp
    daddsub_clz.o(x$fpl$drsb) refers to daddsub_clz.o(x$fpl$dadd) for _dadd1
    daddsub_clz.o(x$fpl$drsb) refers to daddsub_clz.o(x$fpl$dsub) for _dsub1
    daddsub_clz.o(x$fpl$dsub) refers (Special) to usenofp.o(x$fpl$usenofp) for __I$use$fp
    daddsub_clz.o(x$fpl$dsub) refers to daddsub_clz.o(x$fpl$dadd) for _dadd1
    daddsub_clz.o(x$fpl$dsub) refers to dnaninf.o(x$fpl$dnaninf) for __fpl_dnaninf
    dcmp.o(x$fpl$fcmp) refers (Special) to usenofp.o(x$fpl$usenofp) for __I$use$fp
    dcmp.o(x$fpl$fcmp) refers to deqf.o(x$fpl$deqf) for _dcmpeq
    dcmp.o(x$fpl$fcmp) refers to dgeqf.o(x$fpl$dgeqf) for _dcmpge
    dcmp.o(x$fpl$fcmp) refers to dleqf.o(x$fpl$dleqf) for _dcmple
    ddiv.o(x$fpl$drdiv) refers (Special) to usenofp.o(x$fpl$usenofp) for __I$use$fp
    ddiv.o(x$fpl$drdiv) refers to ddiv.o(x$fpl$ddiv) for ddiv_entry
    ddiv.o(x$fpl$ddiv) refers (Special) to usenofp.o(x$fpl$usenofp) for __I$use$fp
    ddiv.o(x$fpl$ddiv) refers to dretinf.o(x$fpl$dretinf) for __fpl_dretinf
    ddiv.o(x$fpl$ddiv) refers to dnaninf.o(x$fpl$dnaninf) for __fpl_dnaninf
    dfix.o(x$fpl$dfix) refers (Special) to usenofp.o(x$fpl$usenofp) for __I$use$fp
    dfix.o(x$fpl$dfix) refers to dnaninf.o(x$fpl$dnaninf) for __fpl_dnaninf
    dfix.o(x$fpl$dfixr) refers (Special) to usenofp.o(x$fpl$usenofp) for __I$use$fp
    dfix.o(x$fpl$dfixr) refers to dnaninf.o(x$fpl$dnaninf) for __fpl_dnaninf
    dflt_clz.o(x$fpl$dfltu) refers (Special) to usenofp.o(x$fpl$usenofp) for __I$use$fp
    dflt_clz.o(x$fpl$dflt) refers (Special) to usenofp.o(x$fpl$usenofp) for __I$use$fp
    dflt_clz.o(x$fpl$dfltn) refers (Special) to usenofp.o(x$fpl$usenofp) for __I$use$fp
    dmul.o(x$fpl$dmul) refers (Special) to usenofp.o(x$fpl$usenofp) for __I$use$fp
    dmul.o(x$fpl$dmul) refers to dretinf.o(x$fpl$dretinf) for __fpl_dretinf
    dmul.o(x$fpl$dmul) refers to dnaninf.o(x$fpl$dnaninf) for __fpl_dnaninf
    f2d.o(x$fpl$f2d) refers (Special) to usenofp.o(x$fpl$usenofp) for __I$use$fp
    f2d.o(x$fpl$f2d) refers to fnaninf.o(x$fpl$fnaninf) for __fpl_fnaninf
    f2d.o(x$fpl$f2d) refers to dretinf.o(x$fpl$dretinf) for __fpl_dretinf
    cos.o(i.__hardfp_cos) refers (Special) to usenofp.o(x$fpl$usenofp) for __I$use$fp
    cos.o(i.__hardfp_cos) refers to _rserrno.o(.text) for __set_errno
    cos.o(i.__hardfp_cos) refers to dunder.o(i.__mathlib_dbl_invalid) for __mathlib_dbl_invalid
    cos.o(i.__hardfp_cos) refers to dunder.o(i.__mathlib_dbl_infnan) for __mathlib_dbl_infnan
    cos.o(i.__hardfp_cos) refers to rred.o(i.__ieee754_rem_pio2) for __ieee754_rem_pio2
    cos.o(i.__hardfp_cos) refers to sin_i.o(i.__kernel_sin) for __kernel_sin
    cos.o(i.__hardfp_cos) refers to cos_i.o(i.__kernel_cos) for __kernel_cos
    cos.o(i.__hardfp_cos) refers to basic.o(x$fpl$basic) for __aeabi_dneg
    cos.o(i.__softfp_cos) refers (Special) to usenofp.o(x$fpl$usenofp) for __I$use$fp
    cos.o(i.__softfp_cos) refers to cos.o(i.__hardfp_cos) for __hardfp_cos
    cos.o(i.cos) refers (Special) to usenofp.o(x$fpl$usenofp) for __I$use$fp
    cos.o(i.cos) refers to cos.o(i.__hardfp_cos) for __hardfp_cos
    sin.o(i.__hardfp_sin) refers (Special) to usenofp.o(x$fpl$usenofp) for __I$use$fp
    sin.o(i.__hardfp_sin) refers to _rserrno.o(.text) for __set_errno
    sin.o(i.__hardfp_sin) refers to dunder.o(i.__mathlib_dbl_invalid) for __mathlib_dbl_invalid
    sin.o(i.__hardfp_sin) refers to dunder.o(i.__mathlib_dbl_infnan) for __mathlib_dbl_infnan
    sin.o(i.__hardfp_sin) refers to rred.o(i.__ieee754_rem_pio2) for __ieee754_rem_pio2
    sin.o(i.__hardfp_sin) refers to cos_i.o(i.__kernel_cos) for __kernel_cos
    sin.o(i.__hardfp_sin) refers to basic.o(x$fpl$basic) for __aeabi_dneg
    sin.o(i.__hardfp_sin) refers to sin_i.o(i.__kernel_sin) for __kernel_sin
    sin.o(i.__softfp_sin) refers (Special) to usenofp.o(x$fpl$usenofp) for __I$use$fp
    sin.o(i.__softfp_sin) refers to sin.o(i.__hardfp_sin) for __hardfp_sin
    sin.o(i.sin) refers (Special) to usenofp.o(x$fpl$usenofp) for __I$use$fp
    sin.o(i.sin) refers to sin.o(i.__hardfp_sin) for __hardfp_sin
    __rtentry.o(.ARM.Collect$$rtentry$$00000000) refers (Special) to __rtentry2.o(.ARM.Collect$$rtentry$$0000000A) for __rt_entry_li
    __rtentry.o(.ARM.Collect$$rtentry$$00000000) refers (Special) to __rtentry2.o(.ARM.Collect$$rtentry$$0000000D) for __rt_entry_main
    __rtentry.o(.ARM.Collect$$rtentry$$00000000) refers (Special) to __rtentry2.o(.ARM.Collect$$rtentry$$0000000C) for __rt_entry_postli_1
    __rtentry.o(.ARM.Collect$$rtentry$$00000000) refers (Special) to __rtentry2.o(.ARM.Collect$$rtentry$$00000009) for __rt_entry_postsh_1
    __rtentry.o(.ARM.Collect$$rtentry$$00000000) refers (Special) to __rtentry2.o(.ARM.Collect$$rtentry$$00000002) for __rt_entry_presh_1
    __rtentry.o(.ARM.Collect$$rtentry$$00000000) refers (Special) to __rtentry4.o(.ARM.Collect$$rtentry$$00000004) for __rt_entry_sh
    _rserrno.o(.text) refers to rt_errno_addr_intlibspace.o(.text) for __aeabi_errno_addr
    basic.o(x$fpl$basic) refers (Special) to usenofp.o(x$fpl$usenofp) for __I$use$fp
    deqf.o(x$fpl$deqf) refers (Special) to usenofp.o(x$fpl$usenofp) for __I$use$fp
    deqf.o(x$fpl$deqf) refers to dnaninf.o(x$fpl$dnaninf) for __fpl_dnaninf
    deqf.o(x$fpl$deqf) refers to dcmpi.o(x$fpl$dcmpinf) for __fpl_dcmp_Inf
    dgeqf.o(x$fpl$dgeqf) refers (Special) to usenofp.o(x$fpl$usenofp) for __I$use$fp
    dgeqf.o(x$fpl$dgeqf) refers to dnaninf.o(x$fpl$dnaninf) for __fpl_dnaninf
    dgeqf.o(x$fpl$dgeqf) refers to dcmpi.o(x$fpl$dcmpinf) for __fpl_dcmp_Inf
    dleqf.o(x$fpl$dleqf) refers (Special) to usenofp.o(x$fpl$usenofp) for __I$use$fp
    dleqf.o(x$fpl$dleqf) refers to dnaninf.o(x$fpl$dnaninf) for __fpl_dnaninf
    dleqf.o(x$fpl$dleqf) refers to dcmpi.o(x$fpl$dcmpinf) for __fpl_dcmp_Inf
    dnaninf.o(x$fpl$dnaninf) refers (Special) to usenofp.o(x$fpl$usenofp) for __I$use$fp
    dretinf.o(x$fpl$dretinf) refers (Special) to usenofp.o(x$fpl$usenofp) for __I$use$fp
    fnaninf.o(x$fpl$fnaninf) refers (Special) to usenofp.o(x$fpl$usenofp) for __I$use$fp
    cos_i.o(i.__kernel_cos) refers (Special) to usenofp.o(x$fpl$usenofp) for __I$use$fp
    cos_i.o(i.__kernel_cos) refers to dfix.o(x$fpl$dfix) for __aeabi_d2iz
    cos_i.o(i.__kernel_cos) refers to dmul.o(x$fpl$dmul) for __aeabi_dmul
    cos_i.o(i.__kernel_cos) refers to poly.o(i.__kernel_poly) for __kernel_poly
    cos_i.o(i.__kernel_cos) refers to daddsub_clz.o(x$fpl$dsub) for __aeabi_dsub
    cos_i.o(i.__kernel_cos) refers to daddsub_clz.o(x$fpl$drsb) for __aeabi_drsub
    cos_i.o(i.__kernel_cos) refers to cos_i.o(.constdata) for .constdata
    cos_i.o(.constdata) refers (Special) to usenofp.o(x$fpl$usenofp) for __I$use$fp
    dunder.o(i.__mathlib_dbl_divzero) refers to ddiv.o(x$fpl$ddiv) for __aeabi_ddiv
    dunder.o(i.__mathlib_dbl_infnan) refers to daddsub_clz.o(x$fpl$dadd) for __aeabi_dadd
    dunder.o(i.__mathlib_dbl_infnan2) refers to daddsub_clz.o(x$fpl$dadd) for __aeabi_dadd
    dunder.o(i.__mathlib_dbl_invalid) refers to ddiv.o(x$fpl$ddiv) for __aeabi_ddiv
    dunder.o(i.__mathlib_dbl_overflow) refers to dmul.o(x$fpl$dmul) for __aeabi_dmul
    dunder.o(i.__mathlib_dbl_posinfnan) refers to dmul.o(x$fpl$dmul) for __aeabi_dmul
    dunder.o(i.__mathlib_dbl_underflow) refers to dmul.o(x$fpl$dmul) for __aeabi_dmul
    rred.o(i.__ieee754_rem_pio2) refers (Special) to usenofp.o(x$fpl$usenofp) for __I$use$fp
    rred.o(i.__ieee754_rem_pio2) refers to daddsub_clz.o(x$fpl$dsub) for __aeabi_dsub
    rred.o(i.__ieee754_rem_pio2) refers to daddsub_clz.o(x$fpl$dadd) for __aeabi_dadd
    rred.o(i.__ieee754_rem_pio2) refers to fabs.o(i.fabs) for fabs
    rred.o(i.__ieee754_rem_pio2) refers to dmul.o(x$fpl$dmul) for __aeabi_dmul
    rred.o(i.__ieee754_rem_pio2) refers to dfix.o(x$fpl$dfix) for __aeabi_d2iz
    rred.o(i.__ieee754_rem_pio2) refers to dflt_clz.o(x$fpl$dflt) for __aeabi_i2d
    rred.o(i.__ieee754_rem_pio2) refers to daddsub_clz.o(x$fpl$drsb) for __aeabi_drsub
    rred.o(i.__ieee754_rem_pio2) refers to basic.o(x$fpl$basic) for __aeabi_dneg
    rred.o(i.__ieee754_rem_pio2) refers to dflt_clz.o(x$fpl$dfltu) for __aeabi_ui2d
    rred.o(i.__ieee754_rem_pio2) refers to rred.o(.constdata) for .constdata
    rred.o(i.__use_accurate_range_reduction) refers (Special) to usenofp.o(x$fpl$usenofp) for __I$use$fp
    rred.o(.constdata) refers (Special) to usenofp.o(x$fpl$usenofp) for __I$use$fp
    sin_i.o(i.__kernel_sin) refers (Special) to usenofp.o(x$fpl$usenofp) for __I$use$fp
    sin_i.o(i.__kernel_sin) refers to fpclassify.o(i.__ARM_fpclassify) for __ARM_fpclassify
    sin_i.o(i.__kernel_sin) refers to dunder.o(i.__mathlib_dbl_underflow) for __mathlib_dbl_underflow
    sin_i.o(i.__kernel_sin) refers to dmul.o(x$fpl$dmul) for __aeabi_dmul
    sin_i.o(i.__kernel_sin) refers to poly.o(i.__kernel_poly) for __kernel_poly
    sin_i.o(i.__kernel_sin) refers to daddsub_clz.o(x$fpl$dsub) for __aeabi_dsub
    sin_i.o(i.__kernel_sin) refers to daddsub_clz.o(x$fpl$drsb) for __aeabi_drsub
    sin_i.o(i.__kernel_sin) refers to daddsub_clz.o(x$fpl$dadd) for __aeabi_dadd
    sin_i.o(i.__kernel_sin) refers to sin_i.o(.constdata) for .constdata
    sin_i.o(.constdata) refers (Special) to usenofp.o(x$fpl$usenofp) for __I$use$fp
    __rtentry2.o(.ARM.Collect$$rtentry$$00000008) refers to boardinit2.o(.text) for _platform_post_stackheap_init
    __rtentry2.o(.ARM.Collect$$rtentry$$0000000A) refers to libinit.o(.ARM.Collect$$libinit$$00000000) for __rt_lib_init
    __rtentry2.o(.ARM.Collect$$rtentry$$0000000B) refers to boardinit3.o(.text) for _platform_post_lib_init
    __rtentry2.o(.ARM.Collect$$rtentry$$0000000D) refers to main.o(.text.main) for main
    __rtentry2.o(.ARM.Collect$$rtentry$$0000000D) refers to exit.o(.text) for exit
    __rtentry2.o(.ARM.exidx) refers to __rtentry2.o(.ARM.Collect$$rtentry$$00000001) for .ARM.Collect$$rtentry$$00000001
    __rtentry2.o(.ARM.exidx) refers to __rtentry2.o(.ARM.Collect$$rtentry$$00000008) for .ARM.Collect$$rtentry$$00000008
    __rtentry2.o(.ARM.exidx) refers to __rtentry2.o(.ARM.Collect$$rtentry$$0000000A) for .ARM.Collect$$rtentry$$0000000A
    __rtentry2.o(.ARM.exidx) refers to __rtentry2.o(.ARM.Collect$$rtentry$$0000000B) for .ARM.Collect$$rtentry$$0000000B
    __rtentry2.o(.ARM.exidx) refers to __rtentry2.o(.ARM.Collect$$rtentry$$0000000D) for .ARM.Collect$$rtentry$$0000000D
    __rtentry4.o(.ARM.Collect$$rtentry$$00000004) refers to sys_stackheap_outer.o(.text) for __user_setup_stackheap
    __rtentry4.o(.ARM.exidx) refers to __rtentry4.o(.ARM.Collect$$rtentry$$00000004) for .ARM.Collect$$rtentry$$00000004
    rt_errno_addr.o(.text) refers to rt_errno_addr.o(.bss) for __aeabi_errno_addr_data
    rt_errno_addr_intlibspace.o(.text) refers to libspace.o(.bss) for __libspace_start
    dcmpi.o(x$fpl$dcmpinf) refers (Special) to usenofp.o(x$fpl$usenofp) for __I$use$fp
    fabs.o(i.__hardfp_fabs) refers (Special) to usenofp.o(x$fpl$usenofp) for __I$use$fp
    fabs.o(i.__softfp_fabs) refers (Special) to usenofp.o(x$fpl$usenofp) for __I$use$fp
    fabs.o(i.fabs) refers (Special) to usenofp.o(x$fpl$usenofp) for __I$use$fp
    fpclassify.o(i.__ARM_fpclassify) refers (Special) to usenofp.o(x$fpl$usenofp) for __I$use$fp
    poly.o(i.__kernel_poly) refers (Special) to usenofp.o(x$fpl$usenofp) for __I$use$fp
    poly.o(i.__kernel_poly) refers to dmul.o(x$fpl$dmul) for __aeabi_dmul
    poly.o(i.__kernel_poly) refers to daddsub_clz.o(x$fpl$dadd) for __aeabi_dadd
    libspace.o(.text) refers to libspace.o(.bss) for __libspace_start
    sys_stackheap_outer.o(.text) refers to libspace.o(.text) for __user_perproc_libspace
    sys_stackheap_outer.o(.text) refers to startup_stm32f411xe.o(.text) for __user_initial_stackheap
    exit.o(.text) refers to rtexit.o(.ARM.Collect$$rtexit$$00000000) for __rt_exit
    libinit.o(.ARM.Collect$$libinit$$00000000) refers (Special) to libinit2.o(.ARM.Collect$$libinit$$00000030) for __rt_lib_init_alloca_1
    libinit.o(.ARM.Collect$$libinit$$00000000) refers (Special) to libinit2.o(.ARM.Collect$$libinit$$0000002E) for __rt_lib_init_argv_1
    libinit.o(.ARM.Collect$$libinit$$00000000) refers (Special) to libinit2.o(.ARM.Collect$$libinit$$0000001D) for __rt_lib_init_atexit_1
    libinit.o(.ARM.Collect$$libinit$$00000000) refers (Special) to libinit2.o(.ARM.Collect$$libinit$$00000023) for __rt_lib_init_clock_1
    libinit.o(.ARM.Collect$$libinit$$00000000) refers (Special) to libinit2.o(.ARM.Collect$$libinit$$00000034) for __rt_lib_init_cpp_1
    libinit.o(.ARM.Collect$$libinit$$00000000) refers (Special) to libinit2.o(.ARM.Collect$$libinit$$00000032) for __rt_lib_init_exceptions_1
    libinit.o(.ARM.Collect$$libinit$$00000000) refers (Special) to libinit2.o(.ARM.Collect$$libinit$$00000001) for __rt_lib_init_fp_1
    libinit.o(.ARM.Collect$$libinit$$00000000) refers (Special) to libinit2.o(.ARM.Collect$$libinit$$00000021) for __rt_lib_init_fp_trap_1
    libinit.o(.ARM.Collect$$libinit$$00000000) refers (Special) to libinit2.o(.ARM.Collect$$libinit$$00000025) for __rt_lib_init_getenv_1
    libinit.o(.ARM.Collect$$libinit$$00000000) refers (Special) to libinit2.o(.ARM.Collect$$libinit$$0000000C) for __rt_lib_init_heap_1
    libinit.o(.ARM.Collect$$libinit$$00000000) refers (Special) to libinit2.o(.ARM.Collect$$libinit$$00000013) for __rt_lib_init_lc_collate_1
    libinit.o(.ARM.Collect$$libinit$$00000000) refers (Special) to libinit2.o(.ARM.Collect$$libinit$$00000015) for __rt_lib_init_lc_ctype_1
    libinit.o(.ARM.Collect$$libinit$$00000000) refers (Special) to libinit2.o(.ARM.Collect$$libinit$$00000017) for __rt_lib_init_lc_monetary_1
    libinit.o(.ARM.Collect$$libinit$$00000000) refers (Special) to libinit2.o(.ARM.Collect$$libinit$$00000019) for __rt_lib_init_lc_numeric_1
    libinit.o(.ARM.Collect$$libinit$$00000000) refers (Special) to libinit2.o(.ARM.Collect$$libinit$$0000001B) for __rt_lib_init_lc_time_1
    libinit.o(.ARM.Collect$$libinit$$00000000) refers (Special) to libinit2.o(.ARM.Collect$$libinit$$00000006) for __rt_lib_init_preinit_1
    libinit.o(.ARM.Collect$$libinit$$00000000) refers (Special) to libinit2.o(.ARM.Collect$$libinit$$00000010) for __rt_lib_init_rand_1
    libinit.o(.ARM.Collect$$libinit$$00000000) refers (Special) to libinit2.o(.ARM.Collect$$libinit$$00000004) for __rt_lib_init_relocate_pie_1
    libinit.o(.ARM.Collect$$libinit$$00000000) refers (Special) to libinit2.o(.ARM.Collect$$libinit$$00000035) for __rt_lib_init_return
    libinit.o(.ARM.Collect$$libinit$$00000000) refers (Special) to libinit2.o(.ARM.Collect$$libinit$$0000001F) for __rt_lib_init_signal_1
    libinit.o(.ARM.Collect$$libinit$$00000000) refers (Special) to libinit2.o(.ARM.Collect$$libinit$$00000027) for __rt_lib_init_stdio_1
    libinit.o(.ARM.Collect$$libinit$$00000000) refers (Special) to libinit2.o(.ARM.Collect$$libinit$$0000000E) for __rt_lib_init_user_alloc_1
    rtexit.o(.ARM.Collect$$rtexit$$00000000) refers (Special) to rtexit2.o(.ARM.Collect$$rtexit$$00000004) for __rt_exit_exit
    rtexit.o(.ARM.Collect$$rtexit$$00000000) refers (Special) to rtexit2.o(.ARM.Collect$$rtexit$$00000003) for __rt_exit_ls
    rtexit.o(.ARM.Collect$$rtexit$$00000000) refers (Special) to rtexit2.o(.ARM.Collect$$rtexit$$00000002) for __rt_exit_prels_1
    rtexit.o(.ARM.exidx) refers (Special) to rtexit2.o(.ARM.Collect$$rtexit$$00000004) for __rt_exit_exit
    rtexit.o(.ARM.exidx) refers (Special) to rtexit2.o(.ARM.Collect$$rtexit$$00000003) for __rt_exit_ls
    rtexit.o(.ARM.exidx) refers (Special) to rtexit2.o(.ARM.Collect$$rtexit$$00000002) for __rt_exit_prels_1
    rtexit.o(.ARM.exidx) refers to rtexit.o(.ARM.Collect$$rtexit$$00000000) for .ARM.Collect$$rtexit$$00000000
    libinit2.o(.ARM.Collect$$libinit$$00000001) refers to fpinit.o(x$fpl$fpinit) for _fp_init
    libinit2.o(.ARM.Collect$$libinit$$00000012) refers to libinit2.o(.ARM.Collect$$libinit$$00000011) for .ARM.Collect$$libinit$$00000011
    libinit2.o(.ARM.Collect$$libinit$$00000014) refers to libinit2.o(.ARM.Collect$$libinit$$00000011) for .ARM.Collect$$libinit$$00000011
    libinit2.o(.ARM.Collect$$libinit$$00000016) refers to libinit2.o(.ARM.Collect$$libinit$$00000011) for .ARM.Collect$$libinit$$00000011
    libinit2.o(.ARM.Collect$$libinit$$00000018) refers to libinit2.o(.ARM.Collect$$libinit$$00000011) for .ARM.Collect$$libinit$$00000011
    libinit2.o(.ARM.Collect$$libinit$$0000001A) refers to libinit2.o(.ARM.Collect$$libinit$$00000011) for .ARM.Collect$$libinit$$00000011
    libinit2.o(.ARM.Collect$$libinit$$00000028) refers to argv_veneer.o(.emb_text) for __ARM_argv_veneer
    libinit2.o(.ARM.Collect$$libinit$$00000029) refers to argv_veneer.o(.emb_text) for __ARM_argv_veneer
    rtexit2.o(.ARM.Collect$$rtexit$$00000003) refers to libshutdown.o(.ARM.Collect$$libshutdown$$00000000) for __rt_lib_shutdown
    rtexit2.o(.ARM.Collect$$rtexit$$00000004) refers to sys_exit.o(.text) for _sys_exit
    rtexit2.o(.ARM.exidx) refers to rtexit2.o(.ARM.Collect$$rtexit$$00000001) for .ARM.Collect$$rtexit$$00000001
    rtexit2.o(.ARM.exidx) refers to rtexit2.o(.ARM.Collect$$rtexit$$00000003) for .ARM.Collect$$rtexit$$00000003
    rtexit2.o(.ARM.exidx) refers to rtexit2.o(.ARM.Collect$$rtexit$$00000004) for .ARM.Collect$$rtexit$$00000004
    argv_veneer.o(.emb_text) refers to no_argv.o(.text) for __ARM_get_argv
    sys_exit.o(.text) refers (Special) to use_no_semi.o(.text) for __I$use$semihosting
    sys_exit.o(.text) refers (Special) to indicate_semi.o(.text) for __semihosting_library_function
    sys_exit_hlt.o(.text) refers (Special) to use_no_semi.o(.text) for __I$use$semihosting
    sys_exit_hlt.o(.text) refers (Special) to indicate_semi.o(.text) for __semihosting_library_function
    _get_argv_nomalloc.o(.text) refers (Special) to hrguard.o(.text) for __heap_region$guard
    _get_argv_nomalloc.o(.text) refers to defsig_rtmem_outer.o(.text) for __rt_SIGRTMEM
    _get_argv_nomalloc.o(.text) refers to sys_command.o(.text) for _sys_command_string
    libshutdown.o(.ARM.Collect$$libshutdown$$00000000) refers (Special) to libshutdown2.o(.ARM.Collect$$libshutdown$$00000002) for __rt_lib_shutdown_cpp_1
    libshutdown.o(.ARM.Collect$$libshutdown$$00000000) refers (Special) to libshutdown2.o(.ARM.Collect$$libshutdown$$00000007) for __rt_lib_shutdown_fp_trap_1
    libshutdown.o(.ARM.Collect$$libshutdown$$00000000) refers (Special) to libshutdown2.o(.ARM.Collect$$libshutdown$$0000000F) for __rt_lib_shutdown_heap_1
    libshutdown.o(.ARM.Collect$$libshutdown$$00000000) refers (Special) to libshutdown2.o(.ARM.Collect$$libshutdown$$00000010) for __rt_lib_shutdown_return
    libshutdown.o(.ARM.Collect$$libshutdown$$00000000) refers (Special) to libshutdown2.o(.ARM.Collect$$libshutdown$$0000000A) for __rt_lib_shutdown_signal_1
    libshutdown.o(.ARM.Collect$$libshutdown$$00000000) refers (Special) to libshutdown2.o(.ARM.Collect$$libshutdown$$00000004) for __rt_lib_shutdown_stdio_1
    libshutdown.o(.ARM.Collect$$libshutdown$$00000000) refers (Special) to libshutdown2.o(.ARM.Collect$$libshutdown$$0000000C) for __rt_lib_shutdown_user_alloc_1
    sys_command.o(.text) refers (Special) to use_no_semi.o(.text) for __I$use$semihosting
    sys_command.o(.text) refers (Special) to indicate_semi.o(.text) for __semihosting_library_function
    sys_command_hlt.o(.text) refers (Special) to use_no_semi.o(.text) for __I$use$semihosting
    sys_command_hlt.o(.text) refers (Special) to indicate_semi.o(.text) for __semihosting_library_function
    defsig_rtmem_outer.o(.text) refers to defsig_rtmem_inner.o(.text) for __rt_SIGRTMEM_inner
    defsig_rtmem_outer.o(.text) refers to defsig_exit.o(.text) for __sig_exit
    defsig_rtmem_formal.o(.text) refers to rt_raise.o(.text) for __rt_raise
    rt_raise.o(.text) refers to __raise.o(.text) for __raise
    rt_raise.o(.text) refers to sys_exit.o(.text) for _sys_exit
    defsig_exit.o(.text) refers to sys_exit.o(.text) for _sys_exit
    defsig_rtmem_inner.o(.text) refers to defsig_general.o(.text) for __default_signal_display
    __raise.o(.text) refers to defsig.o(CL$$defsig) for __default_signal_handler
    defsig_general.o(.text) refers to sys_wrch.o(.text) for _ttywrch
    sys_wrch.o(.text) refers (Special) to use_no_semi.o(.text) for __I$use$semihosting
    sys_wrch.o(.text) refers (Special) to indicate_semi.o(.text) for __semihosting_library_function
    sys_wrch_hlt.o(.text) refers (Special) to use_no_semi.o(.text) for __I$use$semihosting
    sys_wrch_hlt.o(.text) refers (Special) to indicate_semi.o(.text) for __semihosting_library_function
    defsig.o(CL$$defsig) refers to defsig_rtmem_inner.o(.text) for __rt_SIGRTMEM_inner
    defsig_abrt_inner.o(.text) refers to defsig_general.o(.text) for __default_signal_display
    defsig_fpe_inner.o(.text) refers to defsig_general.o(.text) for __default_signal_display
    defsig_rtred_inner.o(.text) refers to defsig_general.o(.text) for __default_signal_display
    defsig_stak_inner.o(.text) refers to defsig_general.o(.text) for __default_signal_display
    defsig_pvfn_inner.o(.text) refers to defsig_general.o(.text) for __default_signal_display
    defsig_cppl_inner.o(.text) refers to defsig_general.o(.text) for __default_signal_display
    defsig_segv_inner.o(.text) refers to defsig_general.o(.text) for __default_signal_display
    defsig_other.o(.text) refers to defsig_general.o(.text) for __default_signal_display


==============================================================================

Removing Unused input sections from the image.

    Removing main.o(.text), (0 bytes).
    Removing main.o(.ARM.exidx.text.main), (8 bytes).
    Removing main.o(.ARM.exidx.text.ADC_init), (8 bytes).
    Removing main.o(.ARM.exidx.text.Read_ADC_Avg), (8 bytes).
    Removing main.o(.ARM.exidx.text.Read_ADC), (8 bytes).
    Removing main.o(.ARM.use_no_argv), (4 bytes).
    Removing h_spi.o(.text), (0 bytes).
    Removing h_spi.o(.ARM.exidx.text.SPI_init), (8 bytes).
    Removing h_spi.o(.text.SPI_tx), (114 bytes).
    Removing h_spi.o(.ARM.exidx.text.SPI_tx), (8 bytes).
    Removing h_spi.o(.text.SPI_rx), (110 bytes).
    Removing h_spi.o(.ARM.exidx.text.SPI_rx), (8 bytes).
    Removing h_spi.o(.text.SPI_tx_array), (150 bytes).
    Removing h_spi.o(.ARM.exidx.text.SPI_tx_array), (8 bytes).
    Removing ili9225.o(.text), (0 bytes).
    Removing ili9225.o(.ARM.exidx.text.spi_write), (8 bytes).
    Removing ili9225.o(.ARM.exidx.text.lcd_write_data), (8 bytes).
    Removing ili9225.o(.ARM.exidx.text.lcd_write_command), (8 bytes).
    Removing ili9225.o(.ARM.exidx.text.lcd_write_register), (8 bytes).
    Removing ili9225.o(.text.swap_int), (30 bytes).
    Removing ili9225.o(.ARM.exidx.text.swap_int), (8 bytes).
    Removing ili9225.o(.ARM.exidx.text.swap_char), (8 bytes).
    Removing ili9225.o(.ARM.exidx.text.delay_ms), (8 bytes).
    Removing ili9225.o(.text.delay_us), (22 bytes).
    Removing ili9225.o(.ARM.exidx.text.delay_us), (8 bytes).
    Removing ili9225.o(.ARM.exidx.text.lcd_init), (8 bytes).
    Removing ili9225.o(.ARM.exidx.text.lcd_init_command_list), (8 bytes).
    Removing ili9225.o(.ARM.exidx.text.draw_pixel), (8 bytes).
    Removing ili9225.o(.ARM.exidx.text.set_draw_window), (8 bytes).
    Removing ili9225.o(.ARM.exidx.text.fill_rectangle), (8 bytes).
    Removing ili9225.o(.text.draw_char), (224 bytes).
    Removing ili9225.o(.ARM.exidx.text.draw_char), (8 bytes).
    Removing ili9225.o(.text.draw_fast_char), (292 bytes).
    Removing ili9225.o(.ARM.exidx.text.draw_fast_char), (8 bytes).
    Removing ili9225.o(.text.draw_string), (104 bytes).
    Removing ili9225.o(.ARM.exidx.text.draw_string), (8 bytes).
    Removing ili9225.o(.text.draw_fast_string), (86 bytes).
    Removing ili9225.o(.ARM.exidx.text.draw_fast_string), (8 bytes).
    Removing ili9225.o(.text.draw_bitmap), (296 bytes).
    Removing ili9225.o(.ARM.exidx.text.draw_bitmap), (8 bytes).
    Removing ili9225.o(.text.drawEmptyRectangle), (206 bytes).
    Removing ili9225.o(.ARM.exidx.text.drawEmptyRectangle), (8 bytes).
    Removing ili9225.o(.ARM.exidx.text.drawCircle), (8 bytes).
    Removing ili9225.o(.text.drawThickLine), (96 bytes).
    Removing ili9225.o(.ARM.exidx.text.drawThickLine), (8 bytes).
    Removing ili9225.o(.text.drawLine), (208 bytes).
    Removing ili9225.o(.ARM.exidx.text.drawLine), (8 bytes).
    Removing ili9225.o(.text.drawTriangle), (158 bytes).
    Removing ili9225.o(.ARM.exidx.text.drawTriangle), (8 bytes).
    Removing ili9225.o(.text.draw_star), (402 bytes).
    Removing ili9225.o(.ARM.exidx.text.draw_star), (8 bytes).
    Removing ili9225.o(.text.erase_star), (28 bytes).
    Removing ili9225.o(.ARM.exidx.text.erase_star), (8 bytes).
    Removing ili9225.o(.text.blink_star_edges), (100 bytes).
    Removing ili9225.o(.ARM.exidx.text.blink_star_edges), (8 bytes).
    Removing ili9225.o(.text.rotate_circle), (492 bytes).
    Removing ili9225.o(.ARM.exidx.text.rotate_circle), (8 bytes).
    Removing ili9225.o(.rodata.FontLarge), (1235 bytes).
    Removing h_gpio.o(.text), (0 bytes).
    Removing h_gpio.o(.ARM.exidx.text.GPIO_init), (8 bytes).
    Removing h_gpio.o(.text.GPIO_Read), (170 bytes).
    Removing h_gpio.o(.ARM.exidx.text.GPIO_Read), (8 bytes).
    Removing h_gpio.o(.ARM.exidx.text.GPIO_Write_HIGH), (8 bytes).
    Removing h_gpio.o(.ARM.exidx.text.GPIO_Write_LOW), (8 bytes).
    Removing h_gpio.o(.text.GPIO_Toggle), (186 bytes).
    Removing h_gpio.o(.ARM.exidx.text.GPIO_Toggle), (8 bytes).
    Removing system_stm32f4xx.o(.text), (0 bytes).
    Removing system_stm32f4xx.o(.ARM.exidx.text.SystemInit), (8 bytes).
    Removing system_stm32f4xx.o(.text.SystemCoreClockUpdate), (302 bytes).
    Removing system_stm32f4xx.o(.ARM.exidx.text.SystemCoreClockUpdate), (8 bytes).
    Removing system_stm32f4xx.o(.data.SystemCoreClock), (4 bytes).
    Removing system_stm32f4xx.o(.rodata.AHBPrescTable), (16 bytes).
    Removing system_stm32f4xx.o(.rodata.APBPrescTable), (8 bytes).

73 unused section(s) (total 5379 bytes) removed from the image.

==============================================================================

Image Symbol Table

    Local Symbols

    Symbol Name                              Value     Ov Type        Size  Object(Section)

    ../clib/angel/boardlib.s                 0x00000000   Number         0  boardinit1.o ABSOLUTE
    ../clib/angel/boardlib.s                 0x00000000   Number         0  boardinit2.o ABSOLUTE
    ../clib/angel/boardlib.s                 0x00000000   Number         0  boardinit3.o ABSOLUTE
    ../clib/angel/boardlib.s                 0x00000000   Number         0  boardshut.o ABSOLUTE
    ../clib/angel/handlers.s                 0x00000000   Number         0  __scatter_zi.o ABSOLUTE
    ../clib/angel/kernel.s                   0x00000000   Number         0  __rtentry.o ABSOLUTE
    ../clib/angel/kernel.s                   0x00000000   Number         0  __rtentry2.o ABSOLUTE
    ../clib/angel/kernel.s                   0x00000000   Number         0  __rtentry4.o ABSOLUTE
    ../clib/angel/kernel.s                   0x00000000   Number         0  rtexit.o ABSOLUTE
    ../clib/angel/kernel.s                   0x00000000   Number         0  rtexit2.o ABSOLUTE
    ../clib/angel/rt.s                       0x00000000   Number         0  rt_errno_addr.o ABSOLUTE
    ../clib/angel/rt.s                       0x00000000   Number         0  rt_errno_addr_intlibspace.o ABSOLUTE
    ../clib/angel/rt.s                       0x00000000   Number         0  rt_raise.o ABSOLUTE
    ../clib/angel/scatter.s                  0x00000000   Number         0  __scatter.o ABSOLUTE
    ../clib/angel/startup.s                  0x00000000   Number         0  __main.o ABSOLUTE
    ../clib/angel/sys.s                      0x00000000   Number         0  libspace.o ABSOLUTE
    ../clib/angel/sys.s                      0x00000000   Number         0  sys_stackheap_outer.o ABSOLUTE
    ../clib/angel/sys.s                      0x00000000   Number         0  use_no_semi.o ABSOLUTE
    ../clib/angel/sys.s                      0x00000000   Number         0  indicate_semi.o ABSOLUTE
    ../clib/angel/sysapp.c                   0x00000000   Number         0  sys_exit.o ABSOLUTE
    ../clib/angel/sysapp.c                   0x00000000   Number         0  sys_exit_hlt.o ABSOLUTE
    ../clib/angel/sysapp.c                   0x00000000   Number         0  sys_command.o ABSOLUTE
    ../clib/angel/sysapp.c                   0x00000000   Number         0  sys_command_hlt.o ABSOLUTE
    ../clib/angel/sysapp.c                   0x00000000   Number         0  sys_wrch.o ABSOLUTE
    ../clib/angel/sysapp.c                   0x00000000   Number         0  sys_wrch_hlt.o ABSOLUTE
    ../clib/armsys.c                         0x00000000   Number         0  argv_veneer.o ABSOLUTE
    ../clib/armsys.c                         0x00000000   Number         0  argv_veneer.o ABSOLUTE
    ../clib/armsys.c                         0x00000000   Number         0  _get_argv_nomalloc.o ABSOLUTE
    ../clib/armsys.c                         0x00000000   Number         0  no_argv.o ABSOLUTE
    ../clib/fenv.c                           0x00000000   Number         0  _rserrno.o ABSOLUTE
    ../clib/heapalloc.c                      0x00000000   Number         0  hrguard.o ABSOLUTE
    ../clib/heapaux.c                        0x00000000   Number         0  heapauxi.o ABSOLUTE
    ../clib/libinit.s                        0x00000000   Number         0  libinit.o ABSOLUTE
    ../clib/libinit.s                        0x00000000   Number         0  libinit2.o ABSOLUTE
    ../clib/libinit.s                        0x00000000   Number         0  libshutdown.o ABSOLUTE
    ../clib/libinit.s                        0x00000000   Number         0  libshutdown2.o ABSOLUTE
    ../clib/signal.c                         0x00000000   Number         0  defsig_rtmem_outer.o ABSOLUTE
    ../clib/signal.c                         0x00000000   Number         0  defsig_rtmem_formal.o ABSOLUTE
    ../clib/signal.c                         0x00000000   Number         0  defsig_exit.o ABSOLUTE
    ../clib/signal.c                         0x00000000   Number         0  defsig_rtmem_inner.o ABSOLUTE
    ../clib/signal.c                         0x00000000   Number         0  __raise.o ABSOLUTE
    ../clib/signal.c                         0x00000000   Number         0  defsig_general.o ABSOLUTE
    ../clib/signal.c                         0x00000000   Number         0  defsig_abrt_inner.o ABSOLUTE
    ../clib/signal.c                         0x00000000   Number         0  defsig_fpe_inner.o ABSOLUTE
    ../clib/signal.c                         0x00000000   Number         0  defsig_rtred_inner.o ABSOLUTE
    ../clib/signal.c                         0x00000000   Number         0  defsig_stak_inner.o ABSOLUTE
    ../clib/signal.c                         0x00000000   Number         0  defsig_pvfn_inner.o ABSOLUTE
    ../clib/signal.c                         0x00000000   Number         0  defsig_cppl_inner.o ABSOLUTE
    ../clib/signal.c                         0x00000000   Number         0  defsig_segv_inner.o ABSOLUTE
    ../clib/signal.c                         0x00000000   Number         0  defsig_other.o ABSOLUTE
    ../clib/signal.s                         0x00000000   Number         0  defsig.o ABSOLUTE
    ../clib/stdlib.c                         0x00000000   Number         0  exit.o ABSOLUTE
    ../fplib/basic.s                         0x00000000   Number         0  basic.o ABSOLUTE
    ../fplib/daddsub.s                       0x00000000   Number         0  daddsub_clz.o ABSOLUTE
    ../fplib/dcmp.s                          0x00000000   Number         0  dcmp.o ABSOLUTE
    ../fplib/dcmpi.s                         0x00000000   Number         0  dcmpi.o ABSOLUTE
    ../fplib/ddiv.s                          0x00000000   Number         0  ddiv.o ABSOLUTE
    ../fplib/deqf.s                          0x00000000   Number         0  deqf.o ABSOLUTE
    ../fplib/dfix.s                          0x00000000   Number         0  dfix.o ABSOLUTE
    ../fplib/dflt.s                          0x00000000   Number         0  dflt_clz.o ABSOLUTE
    ../fplib/dgeqf.s                         0x00000000   Number         0  dgeqf.o ABSOLUTE
    ../fplib/dleqf.s                         0x00000000   Number         0  dleqf.o ABSOLUTE
    ../fplib/dmul.s                          0x00000000   Number         0  dmul.o ABSOLUTE
    ../fplib/dnaninf.s                       0x00000000   Number         0  dnaninf.o ABSOLUTE
    ../fplib/dretinf.s                       0x00000000   Number         0  dretinf.o ABSOLUTE
    ../fplib/f2d.s                           0x00000000   Number         0  f2d.o ABSOLUTE
    ../fplib/fnaninf.s                       0x00000000   Number         0  fnaninf.o ABSOLUTE
    ../fplib/fpinit.s                        0x00000000   Number         0  fpinit.o ABSOLUTE
    ../fplib/usenofp.s                       0x00000000   Number         0  usenofp.o ABSOLUTE
    ../mathlib/cos.c                         0x00000000   Number         0  cos.o ABSOLUTE
    ../mathlib/cos_i.c                       0x00000000   Number         0  cos_i.o ABSOLUTE
    ../mathlib/dunder.c                      0x00000000   Number         0  dunder.o ABSOLUTE
    ../mathlib/fabs.c                        0x00000000   Number         0  fabs.o ABSOLUTE
    ../mathlib/fpclassify.c                  0x00000000   Number         0  fpclassify.o ABSOLUTE
    ../mathlib/poly.c                        0x00000000   Number         0  poly.o ABSOLUTE
    ../mathlib/rred.c                        0x00000000   Number         0  rred.o ABSOLUTE
    ../mathlib/sin.c                         0x00000000   Number         0  sin.o ABSOLUTE
    ../mathlib/sin_i.c                       0x00000000   Number         0  sin_i.o ABSOLUTE
    H_SPI.c                                  0x00000000   Number         0  h_spi.o ABSOLUTE
    H_gpio.c                                 0x00000000   Number         0  h_gpio.o ABSOLUTE
    ILI9225.c                                0x00000000   Number         0  ili9225.o ABSOLUTE
    RTE/Device/STM32F411CEUx/startup_stm32f411xe.s 0x00000000   Number         0  startup_stm32f411xe.o ABSOLUTE
    dc.s                                     0x00000000   Number         0  dc.o ABSOLUTE
    main.c                                   0x00000000   Number         0  main.o ABSOLUTE
    system_stm32f4xx.c                       0x00000000   Number         0  system_stm32f4xx.o ABSOLUTE
    RESET                                    0x08000000   Section      408  startup_stm32f411xe.o(RESET)
    !!!main                                  0x08000198   Section        8  __main.o(!!!main)
    !!!scatter                               0x080001a0   Section       92  __scatter.o(!!!scatter)
    !!handler_null                           0x080001fc   Section        2  __scatter.o(!!handler_null)
    !!handler_zi                             0x08000200   Section       28  __scatter_zi.o(!!handler_zi)
    .ARM.Collect$$libinit$$00000000          0x0800021c   Section        2  libinit.o(.ARM.Collect$$libinit$$00000000)
    .ARM.Collect$$libinit$$00000001          0x0800021e   Section        4  libinit2.o(.ARM.Collect$$libinit$$00000001)
    .ARM.Collect$$libinit$$00000004          0x08000222   Section        0  libinit2.o(.ARM.Collect$$libinit$$00000004)
    .ARM.Collect$$libinit$$00000006          0x08000222   Section        0  libinit2.o(.ARM.Collect$$libinit$$00000006)
    .ARM.Collect$$libinit$$0000000C          0x08000222   Section        0  libinit2.o(.ARM.Collect$$libinit$$0000000C)
    .ARM.Collect$$libinit$$0000000E          0x08000222   Section        0  libinit2.o(.ARM.Collect$$libinit$$0000000E)
    .ARM.Collect$$libinit$$00000010          0x08000222   Section        0  libinit2.o(.ARM.Collect$$libinit$$00000010)
    .ARM.Collect$$libinit$$00000013          0x08000222   Section        0  libinit2.o(.ARM.Collect$$libinit$$00000013)
    .ARM.Collect$$libinit$$00000015          0x08000222   Section        0  libinit2.o(.ARM.Collect$$libinit$$00000015)
    .ARM.Collect$$libinit$$00000017          0x08000222   Section        0  libinit2.o(.ARM.Collect$$libinit$$00000017)
    .ARM.Collect$$libinit$$00000019          0x08000222   Section        0  libinit2.o(.ARM.Collect$$libinit$$00000019)
    .ARM.Collect$$libinit$$0000001B          0x08000222   Section        0  libinit2.o(.ARM.Collect$$libinit$$0000001B)
    .ARM.Collect$$libinit$$0000001D          0x08000222   Section        0  libinit2.o(.ARM.Collect$$libinit$$0000001D)
    .ARM.Collect$$libinit$$0000001F          0x08000222   Section        0  libinit2.o(.ARM.Collect$$libinit$$0000001F)
    .ARM.Collect$$libinit$$00000021          0x08000222   Section        0  libinit2.o(.ARM.Collect$$libinit$$00000021)
    .ARM.Collect$$libinit$$00000023          0x08000222   Section        0  libinit2.o(.ARM.Collect$$libinit$$00000023)
    .ARM.Collect$$libinit$$00000025          0x08000222   Section        0  libinit2.o(.ARM.Collect$$libinit$$00000025)
    .ARM.Collect$$libinit$$00000027          0x08000222   Section        0  libinit2.o(.ARM.Collect$$libinit$$00000027)
    .ARM.Collect$$libinit$$0000002E          0x08000222   Section        0  libinit2.o(.ARM.Collect$$libinit$$0000002E)
    .ARM.Collect$$libinit$$00000030          0x08000222   Section        0  libinit2.o(.ARM.Collect$$libinit$$00000030)
    .ARM.Collect$$libinit$$00000032          0x08000222   Section        0  libinit2.o(.ARM.Collect$$libinit$$00000032)
    .ARM.Collect$$libinit$$00000034          0x08000222   Section        0  libinit2.o(.ARM.Collect$$libinit$$00000034)
    .ARM.Collect$$libinit$$00000035          0x08000222   Section        2  libinit2.o(.ARM.Collect$$libinit$$00000035)
    .ARM.Collect$$libshutdown$$00000000      0x08000224   Section        2  libshutdown.o(.ARM.Collect$$libshutdown$$00000000)
    .ARM.Collect$$libshutdown$$00000002      0x08000226   Section        0  libshutdown2.o(.ARM.Collect$$libshutdown$$00000002)
    .ARM.Collect$$libshutdown$$00000004      0x08000226   Section        0  libshutdown2.o(.ARM.Collect$$libshutdown$$00000004)
    .ARM.Collect$$libshutdown$$00000007      0x08000226   Section        0  libshutdown2.o(.ARM.Collect$$libshutdown$$00000007)
    .ARM.Collect$$libshutdown$$0000000A      0x08000226   Section        0  libshutdown2.o(.ARM.Collect$$libshutdown$$0000000A)
    .ARM.Collect$$libshutdown$$0000000C      0x08000226   Section        0  libshutdown2.o(.ARM.Collect$$libshutdown$$0000000C)
    .ARM.Collect$$libshutdown$$0000000F      0x08000226   Section        0  libshutdown2.o(.ARM.Collect$$libshutdown$$0000000F)
    .ARM.Collect$$libshutdown$$00000010      0x08000226   Section        2  libshutdown2.o(.ARM.Collect$$libshutdown$$00000010)
    .ARM.Collect$$rtentry$$00000000          0x08000228   Section        0  __rtentry.o(.ARM.Collect$$rtentry$$00000000)
    .ARM.Collect$$rtentry$$00000002          0x08000228   Section        0  __rtentry2.o(.ARM.Collect$$rtentry$$00000002)
    .ARM.Collect$$rtentry$$00000004          0x08000228   Section        6  __rtentry4.o(.ARM.Collect$$rtentry$$00000004)
    .ARM.Collect$$rtentry$$00000009          0x0800022e   Section        0  __rtentry2.o(.ARM.Collect$$rtentry$$00000009)
    .ARM.Collect$$rtentry$$0000000A          0x0800022e   Section        4  __rtentry2.o(.ARM.Collect$$rtentry$$0000000A)
    .ARM.Collect$$rtentry$$0000000C          0x08000232   Section        0  __rtentry2.o(.ARM.Collect$$rtentry$$0000000C)
    .ARM.Collect$$rtentry$$0000000D          0x08000232   Section        8  __rtentry2.o(.ARM.Collect$$rtentry$$0000000D)
    .ARM.Collect$$rtexit$$00000000           0x0800023a   Section        2  rtexit.o(.ARM.Collect$$rtexit$$00000000)
    .ARM.Collect$$rtexit$$00000002           0x0800023c   Section        0  rtexit2.o(.ARM.Collect$$rtexit$$00000002)
    .ARM.Collect$$rtexit$$00000003           0x0800023c   Section        4  rtexit2.o(.ARM.Collect$$rtexit$$00000003)
    .ARM.Collect$$rtexit$$00000004           0x08000240   Section        6  rtexit2.o(.ARM.Collect$$rtexit$$00000004)
    $v0                                      0x08000248   Number         0  startup_stm32f411xe.o(.text)
    .text                                    0x08000248   Section       64  startup_stm32f411xe.o(.text)
    .text                                    0x08000288   Section        0  heapauxi.o(.text)
    .text                                    0x08000290   Section        8  libspace.o(.text)
    .text                                    0x08000298   Section       74  sys_stackheap_outer.o(.text)
    .text                                    0x080002e2   Section        0  exit.o(.text)
    .text                                    0x080002f4   Section        0  sys_exit.o(.text)
    .text                                    0x08000300   Section        2  use_no_semi.o(.text)
    .text                                    0x08000302   Section        0  indicate_semi.o(.text)
    [Anonymous Symbol]                       0x08000304   Section        0  main.o(.text.ADC_init)
    [Anonymous Symbol]                       0x08000374   Section        0  h_gpio.o(.text.GPIO_Write_HIGH)
    [Anonymous Symbol]                       0x08000418   Section        0  h_gpio.o(.text.GPIO_Write_LOW)
    [Anonymous Symbol]                       0x080004cc   Section        0  h_gpio.o(.text.GPIO_init)
    [Anonymous Symbol]                       0x08000708   Section        0  main.o(.text.Read_ADC)
    [Anonymous Symbol]                       0x08000754   Section        0  main.o(.text.Read_ADC_Avg)
    [Anonymous Symbol]                       0x0800079c   Section        0  h_spi.o(.text.SPI_init)
    [Anonymous Symbol]                       0x08000954   Section        0  system_stm32f4xx.o(.text.SystemInit)
    [Anonymous Symbol]                       0x08000968   Section        0  ili9225.o(.text.delay_ms)
    [Anonymous Symbol]                       0x080009e8   Section        0  ili9225.o(.text.drawCircle)
    [Anonymous Symbol]                       0x08000b34   Section        0  ili9225.o(.text.draw_pixel)
    [Anonymous Symbol]                       0x08000b84   Section        0  ili9225.o(.text.fill_rectangle)
    [Anonymous Symbol]                       0x08000c70   Section        0  ili9225.o(.text.lcd_init)
    [Anonymous Symbol]                       0x08000cc8   Section        0  ili9225.o(.text.lcd_init_command_list)
    [Anonymous Symbol]                       0x08000ea0   Section        0  ili9225.o(.text.lcd_write_command)
    [Anonymous Symbol]                       0x08000ed4   Section        0  ili9225.o(.text.lcd_write_data)
    [Anonymous Symbol]                       0x08000f08   Section        0  ili9225.o(.text.lcd_write_register)
    [Anonymous Symbol]                       0x08000f38   Section        0  main.o(.text.main)
    [Anonymous Symbol]                       0x08001058   Section        0  ili9225.o(.text.set_draw_window)
    [Anonymous Symbol]                       0x080010f0   Section        0  ili9225.o(.text.spi_write)
    [Anonymous Symbol]                       0x08001140   Section        0  ili9225.o(.text.swap_char)
    $v0                                      0x08001164   Number         0  daddsub_clz.o(x$fpl$dadd)
    x$fpl$dadd                               0x08001164   Section      336  daddsub_clz.o(x$fpl$dadd)
    _dadd1                                   0x08001175   Thumb Code     0  daddsub_clz.o(x$fpl$dadd)
    $v0                                      0x080012b4   Number         0  dcmpi.o(x$fpl$dcmpinf)
    x$fpl$dcmpinf                            0x080012b4   Section       24  dcmpi.o(x$fpl$dcmpinf)
    $v0                                      0x080012cc   Number         0  deqf.o(x$fpl$deqf)
    x$fpl$deqf                               0x080012cc   Section      120  deqf.o(x$fpl$deqf)
    $v0                                      0x08001344   Number         0  dgeqf.o(x$fpl$dgeqf)
    x$fpl$dgeqf                              0x08001344   Section      120  dgeqf.o(x$fpl$dgeqf)
    $v0                                      0x080013bc   Number         0  dleqf.o(x$fpl$dleqf)
    x$fpl$dleqf                              0x080013bc   Section      120  dleqf.o(x$fpl$dleqf)
    $v0                                      0x08001434   Number         0  dnaninf.o(x$fpl$dnaninf)
    x$fpl$dnaninf                            0x08001434   Section      156  dnaninf.o(x$fpl$dnaninf)
    $v0                                      0x080014d0   Number         0  dretinf.o(x$fpl$dretinf)
    x$fpl$dretinf                            0x080014d0   Section       12  dretinf.o(x$fpl$dretinf)
    $v0                                      0x080014dc   Number         0  daddsub_clz.o(x$fpl$dsub)
    x$fpl$dsub                               0x080014dc   Section      476  daddsub_clz.o(x$fpl$dsub)
    _dsub1                                   0x080014ed   Thumb Code     0  daddsub_clz.o(x$fpl$dsub)
    $v0                                      0x080016b8   Number         0  dcmp.o(x$fpl$fcmp)
    x$fpl$fcmp                               0x080016b8   Section       84  dcmp.o(x$fpl$fcmp)
    $v0                                      0x0800170c   Number         0  fpinit.o(x$fpl$fpinit)
    x$fpl$fpinit                             0x0800170c   Section       26  fpinit.o(x$fpl$fpinit)
    x$fpl$usenofp                            0x08001726   Section        0  usenofp.o(x$fpl$usenofp)
    .bss                                     0x20000000   Section       96  libspace.o(.bss)
    Heap_Mem                                 0x20000060   Data         512  startup_stm32f411xe.o(HEAP)
    HEAP                                     0x20000060   Section      512  startup_stm32f411xe.o(HEAP)
    Stack_Mem                                0x20000260   Data        1024  startup_stm32f411xe.o(STACK)
    STACK                                    0x20000260   Section     1024  startup_stm32f411xe.o(STACK)
    __initial_sp                             0x20000660   Data           0  startup_stm32f411xe.o(STACK)

    Global Symbols

    Symbol Name                              Value     Ov Type        Size  Object(Section)

    BuildAttributes$$THM_ISAv4$E$P$D$K$B$S$7EM$VFPi3$EXTD16$VFPS$VFMA$PE$A:L22UL41UL21$X:L11$S22US41US21$IEEE1$IW$~IW$USESV6$~STKCKD$USESV7$~SHL$OTIME$ROPI$IEEEX$EBA8$UX$STANDARDLIB$REQ8$PRES8$EABIv2 0x00000000   Number         0  anon$$obj.o ABSOLUTE
    __ARM_exceptions_init                     - Undefined Weak Reference
    __alloca_initialize                       - Undefined Weak Reference
    __arm_preinit_                            - Undefined Weak Reference
    __arm_relocate_pie_                       - Undefined Weak Reference
    __cpp_initialize__aeabi_                  - Undefined Weak Reference
    __cxa_finalize                            - Undefined Weak Reference
    __rt_locale                               - Undefined Weak Reference
    __sigvec_lookup                           - Undefined Weak Reference
    _atexit_init                              - Undefined Weak Reference
    _call_atexit_fns                          - Undefined Weak Reference
    _clock_init                               - Undefined Weak Reference
    _fp_trap_init                             - Undefined Weak Reference
    _fp_trap_shutdown                         - Undefined Weak Reference
    _get_lc_collate                           - Undefined Weak Reference
    _get_lc_ctype                             - Undefined Weak Reference
    _get_lc_monetary                          - Undefined Weak Reference
    _get_lc_numeric                           - Undefined Weak Reference
    _get_lc_time                              - Undefined Weak Reference
    _getenv_init                              - Undefined Weak Reference
    _handle_redirection                       - Undefined Weak Reference
    _init_alloc                               - Undefined Weak Reference
    _init_user_alloc                          - Undefined Weak Reference
    _initio                                   - Undefined Weak Reference
    _rand_init                                - Undefined Weak Reference
    _signal_finish                            - Undefined Weak Reference
    _signal_init                              - Undefined Weak Reference
    _terminate_alloc                          - Undefined Weak Reference
    _terminate_user_alloc                     - Undefined Weak Reference
    _terminateio                              - Undefined Weak Reference
    __Vectors_Size                           0x00000198   Number         0  startup_stm32f411xe.o ABSOLUTE
    __Vectors                                0x08000000   Data           4  startup_stm32f411xe.o(RESET)
    __Vectors_End                            0x08000198   Data           0  startup_stm32f411xe.o(RESET)
    __main                                   0x08000199   Thumb Code     8  __main.o(!!!main)
    __scatterload                            0x080001a1   Thumb Code     0  __scatter.o(!!!scatter)
    __scatterload_rt2                        0x080001a1   Thumb Code    84  __scatter.o(!!!scatter)
    __scatterload_rt2_thumb_only             0x080001a1   Thumb Code     0  __scatter.o(!!!scatter)
    __scatterload_loop                       0x080001ab   Thumb Code     0  __scatter.o(!!!scatter)
    __scatterload_null                       0x080001fd   Thumb Code     2  __scatter.o(!!handler_null)
    __scatterload_zeroinit                   0x08000201   Thumb Code    28  __scatter_zi.o(!!handler_zi)
    __rt_lib_init                            0x0800021d   Thumb Code     0  libinit.o(.ARM.Collect$$libinit$$00000000)
    __rt_lib_init_fp_1                       0x0800021f   Thumb Code     0  libinit2.o(.ARM.Collect$$libinit$$00000001)
    __rt_lib_init_alloca_1                   0x08000223   Thumb Code     0  libinit2.o(.ARM.Collect$$libinit$$00000030)
    __rt_lib_init_argv_1                     0x08000223   Thumb Code     0  libinit2.o(.ARM.Collect$$libinit$$0000002E)
    __rt_lib_init_atexit_1                   0x08000223   Thumb Code     0  libinit2.o(.ARM.Collect$$libinit$$0000001D)
    __rt_lib_init_clock_1                    0x08000223   Thumb Code     0  libinit2.o(.ARM.Collect$$libinit$$00000023)
    __rt_lib_init_cpp_1                      0x08000223   Thumb Code     0  libinit2.o(.ARM.Collect$$libinit$$00000034)
    __rt_lib_init_exceptions_1               0x08000223   Thumb Code     0  libinit2.o(.ARM.Collect$$libinit$$00000032)
    __rt_lib_init_fp_trap_1                  0x08000223   Thumb Code     0  libinit2.o(.ARM.Collect$$libinit$$00000021)
    __rt_lib_init_getenv_1                   0x08000223   Thumb Code     0  libinit2.o(.ARM.Collect$$libinit$$00000025)
    __rt_lib_init_heap_1                     0x08000223   Thumb Code     0  libinit2.o(.ARM.Collect$$libinit$$0000000C)
    __rt_lib_init_lc_collate_1               0x08000223   Thumb Code     0  libinit2.o(.ARM.Collect$$libinit$$00000013)
    __rt_lib_init_lc_ctype_1                 0x08000223   Thumb Code     0  libinit2.o(.ARM.Collect$$libinit$$00000015)
    __rt_lib_init_lc_monetary_1              0x08000223   Thumb Code     0  libinit2.o(.ARM.Collect$$libinit$$00000017)
    __rt_lib_init_lc_numeric_1               0x08000223   Thumb Code     0  libinit2.o(.ARM.Collect$$libinit$$00000019)
    __rt_lib_init_lc_time_1                  0x08000223   Thumb Code     0  libinit2.o(.ARM.Collect$$libinit$$0000001B)
    __rt_lib_init_preinit_1                  0x08000223   Thumb Code     0  libinit2.o(.ARM.Collect$$libinit$$00000006)
    __rt_lib_init_rand_1                     0x08000223   Thumb Code     0  libinit2.o(.ARM.Collect$$libinit$$00000010)
    __rt_lib_init_relocate_pie_1             0x08000223   Thumb Code     0  libinit2.o(.ARM.Collect$$libinit$$00000004)
    __rt_lib_init_return                     0x08000223   Thumb Code     0  libinit2.o(.ARM.Collect$$libinit$$00000035)
    __rt_lib_init_signal_1                   0x08000223   Thumb Code     0  libinit2.o(.ARM.Collect$$libinit$$0000001F)
    __rt_lib_init_stdio_1                    0x08000223   Thumb Code     0  libinit2.o(.ARM.Collect$$libinit$$00000027)
    __rt_lib_init_user_alloc_1               0x08000223   Thumb Code     0  libinit2.o(.ARM.Collect$$libinit$$0000000E)
    __rt_lib_shutdown                        0x08000225   Thumb Code     0  libshutdown.o(.ARM.Collect$$libshutdown$$00000000)
    __rt_lib_shutdown_cpp_1                  0x08000227   Thumb Code     0  libshutdown2.o(.ARM.Collect$$libshutdown$$00000002)
    __rt_lib_shutdown_fp_trap_1              0x08000227   Thumb Code     0  libshutdown2.o(.ARM.Collect$$libshutdown$$00000007)
    __rt_lib_shutdown_heap_1                 0x08000227   Thumb Code     0  libshutdown2.o(.ARM.Collect$$libshutdown$$0000000F)
    __rt_lib_shutdown_return                 0x08000227   Thumb Code     0  libshutdown2.o(.ARM.Collect$$libshutdown$$00000010)
    __rt_lib_shutdown_signal_1               0x08000227   Thumb Code     0  libshutdown2.o(.ARM.Collect$$libshutdown$$0000000A)
    __rt_lib_shutdown_stdio_1                0x08000227   Thumb Code     0  libshutdown2.o(.ARM.Collect$$libshutdown$$00000004)
    __rt_lib_shutdown_user_alloc_1           0x08000227   Thumb Code     0  libshutdown2.o(.ARM.Collect$$libshutdown$$0000000C)
    __rt_entry                               0x08000229   Thumb Code     0  __rtentry.o(.ARM.Collect$$rtentry$$00000000)
    __rt_entry_presh_1                       0x08000229   Thumb Code     0  __rtentry2.o(.ARM.Collect$$rtentry$$00000002)
    __rt_entry_sh                            0x08000229   Thumb Code     0  __rtentry4.o(.ARM.Collect$$rtentry$$00000004)
    __rt_entry_li                            0x0800022f   Thumb Code     0  __rtentry2.o(.ARM.Collect$$rtentry$$0000000A)
    __rt_entry_postsh_1                      0x0800022f   Thumb Code     0  __rtentry2.o(.ARM.Collect$$rtentry$$00000009)
    __rt_entry_main                          0x08000233   Thumb Code     0  __rtentry2.o(.ARM.Collect$$rtentry$$0000000D)
    __rt_entry_postli_1                      0x08000233   Thumb Code     0  __rtentry2.o(.ARM.Collect$$rtentry$$0000000C)
    __rt_exit                                0x0800023b   Thumb Code     0  rtexit.o(.ARM.Collect$$rtexit$$00000000)
    __rt_exit_ls                             0x0800023d   Thumb Code     0  rtexit2.o(.ARM.Collect$$rtexit$$00000003)
    __rt_exit_prels_1                        0x0800023d   Thumb Code     0  rtexit2.o(.ARM.Collect$$rtexit$$00000002)
    __rt_exit_exit                           0x08000241   Thumb Code     0  rtexit2.o(.ARM.Collect$$rtexit$$00000004)
    Reset_Handler                            0x08000249   Thumb Code     8  startup_stm32f411xe.o(.text)
    NMI_Handler                              0x08000251   Thumb Code     2  startup_stm32f411xe.o(.text)
    HardFault_Handler                        0x08000253   Thumb Code     2  startup_stm32f411xe.o(.text)
    MemManage_Handler                        0x08000255   Thumb Code     2  startup_stm32f411xe.o(.text)
    BusFault_Handler                         0x08000257   Thumb Code     2  startup_stm32f411xe.o(.text)
    UsageFault_Handler                       0x08000259   Thumb Code     2  startup_stm32f411xe.o(.text)
    SVC_Handler                              0x0800025b   Thumb Code     2  startup_stm32f411xe.o(.text)
    DebugMon_Handler                         0x0800025d   Thumb Code     2  startup_stm32f411xe.o(.text)
    PendSV_Handler                           0x0800025f   Thumb Code     2  startup_stm32f411xe.o(.text)
    SysTick_Handler                          0x08000261   Thumb Code     2  startup_stm32f411xe.o(.text)
    ADC_IRQHandler                           0x08000263   Thumb Code     0  startup_stm32f411xe.o(.text)
    DMA1_Stream0_IRQHandler                  0x08000263   Thumb Code     0  startup_stm32f411xe.o(.text)
    DMA1_Stream1_IRQHandler                  0x08000263   Thumb Code     0  startup_stm32f411xe.o(.text)
    DMA1_Stream2_IRQHandler                  0x08000263   Thumb Code     0  startup_stm32f411xe.o(.text)
    DMA1_Stream3_IRQHandler                  0x08000263   Thumb Code     0  startup_stm32f411xe.o(.text)
    DMA1_Stream4_IRQHandler                  0x08000263   Thumb Code     0  startup_stm32f411xe.o(.text)
    DMA1_Stream5_IRQHandler                  0x08000263   Thumb Code     0  startup_stm32f411xe.o(.text)
    DMA1_Stream6_IRQHandler                  0x08000263   Thumb Code     0  startup_stm32f411xe.o(.text)
    DMA1_Stream7_IRQHandler                  0x08000263   Thumb Code     0  startup_stm32f411xe.o(.text)
    DMA2_Stream0_IRQHandler                  0x08000263   Thumb Code     0  startup_stm32f411xe.o(.text)
    DMA2_Stream1_IRQHandler                  0x08000263   Thumb Code     0  startup_stm32f411xe.o(.text)
    DMA2_Stream2_IRQHandler                  0x08000263   Thumb Code     0  startup_stm32f411xe.o(.text)
    DMA2_Stream3_IRQHandler                  0x08000263   Thumb Code     0  startup_stm32f411xe.o(.text)
    DMA2_Stream4_IRQHandler                  0x08000263   Thumb Code     0  startup_stm32f411xe.o(.text)
    DMA2_Stream5_IRQHandler                  0x08000263   Thumb Code     0  startup_stm32f411xe.o(.text)
    DMA2_Stream6_IRQHandler                  0x08000263   Thumb Code     0  startup_stm32f411xe.o(.text)
    DMA2_Stream7_IRQHandler                  0x08000263   Thumb Code     0  startup_stm32f411xe.o(.text)
    EXTI0_IRQHandler                         0x08000263   Thumb Code     0  startup_stm32f411xe.o(.text)
    EXTI15_10_IRQHandler                     0x08000263   Thumb Code     0  startup_stm32f411xe.o(.text)
    EXTI1_IRQHandler                         0x08000263   Thumb Code     0  startup_stm32f411xe.o(.text)
    EXTI2_IRQHandler                         0x08000263   Thumb Code     0  startup_stm32f411xe.o(.text)
    EXTI3_IRQHandler                         0x08000263   Thumb Code     0  startup_stm32f411xe.o(.text)
    EXTI4_IRQHandler                         0x08000263   Thumb Code     0  startup_stm32f411xe.o(.text)
    EXTI9_5_IRQHandler                       0x08000263   Thumb Code     0  startup_stm32f411xe.o(.text)
    FLASH_IRQHandler                         0x08000263   Thumb Code     0  startup_stm32f411xe.o(.text)
    FPU_IRQHandler                           0x08000263   Thumb Code     0  startup_stm32f411xe.o(.text)
    I2C1_ER_IRQHandler                       0x08000263   Thumb Code     0  startup_stm32f411xe.o(.text)
    I2C1_EV_IRQHandler                       0x08000263   Thumb Code     0  startup_stm32f411xe.o(.text)
    I2C2_ER_IRQHandler                       0x08000263   Thumb Code     0  startup_stm32f411xe.o(.text)
    I2C2_EV_IRQHandler                       0x08000263   Thumb Code     0  startup_stm32f411xe.o(.text)
    I2C3_ER_IRQHandler                       0x08000263   Thumb Code     0  startup_stm32f411xe.o(.text)
    I2C3_EV_IRQHandler                       0x08000263   Thumb Code     0  startup_stm32f411xe.o(.text)
    OTG_FS_IRQHandler                        0x08000263   Thumb Code     0  startup_stm32f411xe.o(.text)
    OTG_FS_WKUP_IRQHandler                   0x08000263   Thumb Code     0  startup_stm32f411xe.o(.text)
    PVD_IRQHandler                           0x08000263   Thumb Code     0  startup_stm32f411xe.o(.text)
    RCC_IRQHandler                           0x08000263   Thumb Code     0  startup_stm32f411xe.o(.text)
    RTC_Alarm_IRQHandler                     0x08000263   Thumb Code     0  startup_stm32f411xe.o(.text)
    RTC_WKUP_IRQHandler                      0x08000263   Thumb Code     0  startup_stm32f411xe.o(.text)
    SDIO_IRQHandler                          0x08000263   Thumb Code     0  startup_stm32f411xe.o(.text)
    SPI1_IRQHandler                          0x08000263   Thumb Code     0  startup_stm32f411xe.o(.text)
    SPI2_IRQHandler                          0x08000263   Thumb Code     0  startup_stm32f411xe.o(.text)
    SPI3_IRQHandler                          0x08000263   Thumb Code     0  startup_stm32f411xe.o(.text)
    SPI4_IRQHandler                          0x08000263   Thumb Code     0  startup_stm32f411xe.o(.text)
    SPI5_IRQHandler                          0x08000263   Thumb Code     0  startup_stm32f411xe.o(.text)
    TAMP_STAMP_IRQHandler                    0x08000263   Thumb Code     0  startup_stm32f411xe.o(.text)
    TIM1_BRK_TIM9_IRQHandler                 0x08000263   Thumb Code     0  startup_stm32f411xe.o(.text)
    TIM1_CC_IRQHandler                       0x08000263   Thumb Code     0  startup_stm32f411xe.o(.text)
    TIM1_TRG_COM_TIM11_IRQHandler            0x08000263   Thumb Code     0  startup_stm32f411xe.o(.text)
    TIM1_UP_TIM10_IRQHandler                 0x08000263   Thumb Code     0  startup_stm32f411xe.o(.text)
    TIM2_IRQHandler                          0x08000263   Thumb Code     0  startup_stm32f411xe.o(.text)
    TIM3_IRQHandler                          0x08000263   Thumb Code     0  startup_stm32f411xe.o(.text)
    TIM4_IRQHandler                          0x08000263   Thumb Code     0  startup_stm32f411xe.o(.text)
    TIM5_IRQHandler                          0x08000263   Thumb Code     0  startup_stm32f411xe.o(.text)
    USART1_IRQHandler                        0x08000263   Thumb Code     0  startup_stm32f411xe.o(.text)
    USART2_IRQHandler                        0x08000263   Thumb Code     0  startup_stm32f411xe.o(.text)
    USART6_IRQHandler                        0x08000263   Thumb Code     0  startup_stm32f411xe.o(.text)
    WWDG_IRQHandler                          0x08000263   Thumb Code     0  startup_stm32f411xe.o(.text)
    __user_initial_stackheap                 0x08000265   Thumb Code     0  startup_stm32f411xe.o(.text)
    __use_two_region_memory                  0x08000289   Thumb Code     2  heapauxi.o(.text)
    __rt_heap_escrow$2region                 0x0800028b   Thumb Code     2  heapauxi.o(.text)
    __rt_heap_expand$2region                 0x0800028d   Thumb Code     2  heapauxi.o(.text)
    __user_libspace                          0x08000291   Thumb Code     8  libspace.o(.text)
    __user_perproc_libspace                  0x08000291   Thumb Code     0  libspace.o(.text)
    __user_perthread_libspace                0x08000291   Thumb Code     0  libspace.o(.text)
    __user_setup_stackheap                   0x08000299   Thumb Code    74  sys_stackheap_outer.o(.text)
    exit                                     0x080002e3   Thumb Code    18  exit.o(.text)
    _sys_exit                                0x080002f5   Thumb Code     8  sys_exit.o(.text)
    __I$use$semihosting                      0x08000301   Thumb Code     0  use_no_semi.o(.text)
    __use_no_semihosting_swi                 0x08000301   Thumb Code     2  use_no_semi.o(.text)
    __semihosting_library_function           0x08000303   Thumb Code     0  indicate_semi.o(.text)
    ADC_init                                 0x08000305   Thumb Code   112  main.o(.text.ADC_init)
    GPIO_Write_HIGH                          0x08000375   Thumb Code   162  h_gpio.o(.text.GPIO_Write_HIGH)
    GPIO_Write_LOW                           0x08000419   Thumb Code   178  h_gpio.o(.text.GPIO_Write_LOW)
    GPIO_init                                0x080004cd   Thumb Code   572  h_gpio.o(.text.GPIO_init)
    Read_ADC                                 0x08000709   Thumb Code    74  main.o(.text.Read_ADC)
    Read_ADC_Avg                             0x08000755   Thumb Code    70  main.o(.text.Read_ADC_Avg)
    SPI_init                                 0x0800079d   Thumb Code   440  h_spi.o(.text.SPI_init)
    SystemInit                               0x08000955   Thumb Code    18  system_stm32f4xx.o(.text.SystemInit)
    delay_ms                                 0x08000969   Thumb Code   112  ili9225.o(.text.delay_ms)
    drawCircle                               0x080009e9   Thumb Code   332  ili9225.o(.text.drawCircle)
    draw_pixel                               0x08000b35   Thumb Code    78  ili9225.o(.text.draw_pixel)
    fill_rectangle                           0x08000b85   Thumb Code   232  ili9225.o(.text.fill_rectangle)
    lcd_init                                 0x08000c71   Thumb Code    80  ili9225.o(.text.lcd_init)
    lcd_init_command_list                    0x08000cc9   Thumb Code   456  ili9225.o(.text.lcd_init_command_list)
    lcd_write_command                        0x08000ea1   Thumb Code    52  ili9225.o(.text.lcd_write_command)
    lcd_write_data                           0x08000ed5   Thumb Code    52  ili9225.o(.text.lcd_write_data)
    lcd_write_register                       0x08000f09   Thumb Code    44  ili9225.o(.text.lcd_write_register)
    main                                     0x08000f39   Thumb Code   280  main.o(.text.main)
    set_draw_window                          0x08001059   Thumb Code   150  ili9225.o(.text.set_draw_window)
    spi_write                                0x080010f1   Thumb Code    78  ili9225.o(.text.spi_write)
    swap_char                                0x08001141   Thumb Code    34  ili9225.o(.text.swap_char)
    __aeabi_dadd                             0x08001165   Thumb Code     0  daddsub_clz.o(x$fpl$dadd)
    _dadd                                    0x08001165   Thumb Code   332  daddsub_clz.o(x$fpl$dadd)
    __fpl_dcmp_Inf                           0x080012b5   Thumb Code    24  dcmpi.o(x$fpl$dcmpinf)
    __aeabi_cdcmpeq                          0x080012cd   Thumb Code     0  deqf.o(x$fpl$deqf)
    _dcmpeq                                  0x080012cd   Thumb Code   120  deqf.o(x$fpl$deqf)
    __aeabi_cdcmpge                          0x08001345   Thumb Code     0  dgeqf.o(x$fpl$dgeqf)
    _dcmpge                                  0x08001345   Thumb Code   120  dgeqf.o(x$fpl$dgeqf)
    __aeabi_cdcmple                          0x080013bd   Thumb Code     0  dleqf.o(x$fpl$dleqf)
    _dcmple                                  0x080013bd   Thumb Code   120  dleqf.o(x$fpl$dleqf)
    __fpl_dcmple_InfNaN                      0x0800141f   Thumb Code     0  dleqf.o(x$fpl$dleqf)
    __fpl_dnaninf                            0x08001435   Thumb Code   156  dnaninf.o(x$fpl$dnaninf)
    __fpl_dretinf                            0x080014d1   Thumb Code    12  dretinf.o(x$fpl$dretinf)
    __aeabi_dsub                             0x080014dd   Thumb Code     0  daddsub_clz.o(x$fpl$dsub)
    _dsub                                    0x080014dd   Thumb Code   472  daddsub_clz.o(x$fpl$dsub)
    __aeabi_dcmpeq                           0x080016b9   Thumb Code     0  dcmp.o(x$fpl$fcmp)
    _deq                                     0x080016b9   Thumb Code    14  dcmp.o(x$fpl$fcmp)
    _dneq                                    0x080016c7   Thumb Code    14  dcmp.o(x$fpl$fcmp)
    __aeabi_dcmpgt                           0x080016d5   Thumb Code     0  dcmp.o(x$fpl$fcmp)
    _dgr                                     0x080016d5   Thumb Code    14  dcmp.o(x$fpl$fcmp)
    __aeabi_dcmpge                           0x080016e3   Thumb Code     0  dcmp.o(x$fpl$fcmp)
    _dgeq                                    0x080016e3   Thumb Code    14  dcmp.o(x$fpl$fcmp)
    __aeabi_dcmple                           0x080016f1   Thumb Code     0  dcmp.o(x$fpl$fcmp)
    _dleq                                    0x080016f1   Thumb Code    14  dcmp.o(x$fpl$fcmp)
    __aeabi_dcmplt                           0x080016ff   Thumb Code     0  dcmp.o(x$fpl$fcmp)
    _dls                                     0x080016ff   Thumb Code    14  dcmp.o(x$fpl$fcmp)
    _fp_init                                 0x0800170d   Thumb Code    26  fpinit.o(x$fpl$fpinit)
    __fplib_config_fpu_vfp                   0x08001725   Thumb Code     0  fpinit.o(x$fpl$fpinit)
    __fplib_config_pureend_doubles           0x08001725   Thumb Code     0  fpinit.o(x$fpl$fpinit)
    __I$use$fp                               0x08001726   Number         0  usenofp.o(x$fpl$usenofp)
    Region$$Table$$Base                      0x08001728   Number         0  anon$$obj.o(Region$$Table)
    Region$$Table$$Limit                     0x08001738   Number         0  anon$$obj.o(Region$$Table)
    __libspace_start                         0x20000000   Data          96  libspace.o(.bss)
    __temporary_stack_top$libspace           0x20000060   Data           0  libspace.o(.bss)



==============================================================================

Memory Map of the image

  Image Entry point : 0x08000249

  Load Region LR_1 (Base: 0x08000000, Size: 0x00001738, Max: 0xffffffff, ABSOLUTE)

    Execution Region ER_RO (Exec base: 0x08000000, Load base: 0x08000000, Size: 0x00001738, Max: 0xffffffff, ABSOLUTE)

    Exec Addr    Load Addr    Size         Type   Attr      Idx    E Section Name        Object

    0x08000000   0x08000000   0x00000198   Data   RO          113    RESET               startup_stm32f411xe.o
    0x08000198   0x08000198   0x00000008   Code   RO          138  * !!!main             c_w.l(__main.o)
    0x080001a0   0x080001a0   0x0000005c   Code   RO          400    !!!scatter          c_w.l(__scatter.o)
    0x080001fc   0x080001fc   0x00000002   Code   RO          401    !!handler_null      c_w.l(__scatter.o)
    0x080001fe   0x080001fe   0x00000002   PAD
    0x08000200   0x08000200   0x0000001c   Code   RO          404    !!handler_zi        c_w.l(__scatter_zi.o)
    0x0800021c   0x0800021c   0x00000002   Code   RO          265    .ARM.Collect$$libinit$$00000000  c_w.l(libinit.o)
    0x0800021e   0x0800021e   0x00000004   Code   RO          268    .ARM.Collect$$libinit$$00000001  c_w.l(libinit2.o)
    0x08000222   0x08000222   0x00000000   Code   RO          271    .ARM.Collect$$libinit$$00000004  c_w.l(libinit2.o)
    0x08000222   0x08000222   0x00000000   Code   RO          273    .ARM.Collect$$libinit$$00000006  c_w.l(libinit2.o)
    0x08000222   0x08000222   0x00000000   Code   RO          276    .ARM.Collect$$libinit$$0000000C  c_w.l(libinit2.o)
    0x08000222   0x08000222   0x00000000   Code   RO          278    .ARM.Collect$$libinit$$0000000E  c_w.l(libinit2.o)
    0x08000222   0x08000222   0x00000000   Code   RO          280    .ARM.Collect$$libinit$$00000010  c_w.l(libinit2.o)
    0x08000222   0x08000222   0x00000000   Code   RO          283    .ARM.Collect$$libinit$$00000013  c_w.l(libinit2.o)
    0x08000222   0x08000222   0x00000000   Code   RO          285    .ARM.Collect$$libinit$$00000015  c_w.l(libinit2.o)
    0x08000222   0x08000222   0x00000000   Code   RO          287    .ARM.Collect$$libinit$$00000017  c_w.l(libinit2.o)
    0x08000222   0x08000222   0x00000000   Code   RO          289    .ARM.Collect$$libinit$$00000019  c_w.l(libinit2.o)
    0x08000222   0x08000222   0x00000000   Code   RO          291    .ARM.Collect$$libinit$$0000001B  c_w.l(libinit2.o)
    0x08000222   0x08000222   0x00000000   Code   RO          293    .ARM.Collect$$libinit$$0000001D  c_w.l(libinit2.o)
    0x08000222   0x08000222   0x00000000   Code   RO          295    .ARM.Collect$$libinit$$0000001F  c_w.l(libinit2.o)
    0x08000222   0x08000222   0x00000000   Code   RO          297    .ARM.Collect$$libinit$$00000021  c_w.l(libinit2.o)
    0x08000222   0x08000222   0x00000000   Code   RO          299    .ARM.Collect$$libinit$$00000023  c_w.l(libinit2.o)
    0x08000222   0x08000222   0x00000000   Code   RO          301    .ARM.Collect$$libinit$$00000025  c_w.l(libinit2.o)
    0x08000222   0x08000222   0x00000000   Code   RO          303    .ARM.Collect$$libinit$$00000027  c_w.l(libinit2.o)
    0x08000222   0x08000222   0x00000000   Code   RO          307    .ARM.Collect$$libinit$$0000002E  c_w.l(libinit2.o)
    0x08000222   0x08000222   0x00000000   Code   RO          309    .ARM.Collect$$libinit$$00000030  c_w.l(libinit2.o)
    0x08000222   0x08000222   0x00000000   Code   RO          311    .ARM.Collect$$libinit$$00000032  c_w.l(libinit2.o)
    0x08000222   0x08000222   0x00000000   Code   RO          313    .ARM.Collect$$libinit$$00000034  c_w.l(libinit2.o)
    0x08000222   0x08000222   0x00000002   Code   RO          314    .ARM.Collect$$libinit$$00000035  c_w.l(libinit2.o)
    0x08000224   0x08000224   0x00000002   Code   RO          336    .ARM.Collect$$libshutdown$$00000000  c_w.l(libshutdown.o)
    0x08000226   0x08000226   0x00000000   Code   RO          351    .ARM.Collect$$libshutdown$$00000002  c_w.l(libshutdown2.o)
    0x08000226   0x08000226   0x00000000   Code   RO          353    .ARM.Collect$$libshutdown$$00000004  c_w.l(libshutdown2.o)
    0x08000226   0x08000226   0x00000000   Code   RO          356    .ARM.Collect$$libshutdown$$00000007  c_w.l(libshutdown2.o)
    0x08000226   0x08000226   0x00000000   Code   RO          359    .ARM.Collect$$libshutdown$$0000000A  c_w.l(libshutdown2.o)
    0x08000226   0x08000226   0x00000000   Code   RO          361    .ARM.Collect$$libshutdown$$0000000C  c_w.l(libshutdown2.o)
    0x08000226   0x08000226   0x00000000   Code   RO          364    .ARM.Collect$$libshutdown$$0000000F  c_w.l(libshutdown2.o)
    0x08000226   0x08000226   0x00000002   Code   RO          365    .ARM.Collect$$libshutdown$$00000010  c_w.l(libshutdown2.o)
    0x08000228   0x08000228   0x00000000   Code   RO          178    .ARM.Collect$$rtentry$$00000000  c_w.l(__rtentry.o)
    0x08000228   0x08000228   0x00000000   Code   RO          222    .ARM.Collect$$rtentry$$00000002  c_w.l(__rtentry2.o)
    0x08000228   0x08000228   0x00000006   Code   RO          234    .ARM.Collect$$rtentry$$00000004  c_w.l(__rtentry4.o)
    0x0800022e   0x0800022e   0x00000000   Code   RO          224    .ARM.Collect$$rtentry$$00000009  c_w.l(__rtentry2.o)
    0x0800022e   0x0800022e   0x00000004   Code   RO          225    .ARM.Collect$$rtentry$$0000000A  c_w.l(__rtentry2.o)
    0x08000232   0x08000232   0x00000000   Code   RO          227    .ARM.Collect$$rtentry$$0000000C  c_w.l(__rtentry2.o)
    0x08000232   0x08000232   0x00000008   Code   RO          228    .ARM.Collect$$rtentry$$0000000D  c_w.l(__rtentry2.o)
    0x0800023a   0x0800023a   0x00000002   Code   RO          266    .ARM.Collect$$rtexit$$00000000  c_w.l(rtexit.o)
    0x0800023c   0x0800023c   0x00000000   Code   RO          316    .ARM.Collect$$rtexit$$00000002  c_w.l(rtexit2.o)
    0x0800023c   0x0800023c   0x00000004   Code   RO          317    .ARM.Collect$$rtexit$$00000003  c_w.l(rtexit2.o)
    0x08000240   0x08000240   0x00000006   Code   RO          318    .ARM.Collect$$rtexit$$00000004  c_w.l(rtexit2.o)
    0x08000246   0x08000246   0x00000002   PAD
    0x08000248   0x08000248   0x00000040   Code   RO          114  * .text               startup_stm32f411xe.o
    0x08000288   0x08000288   0x00000006   Code   RO          136    .text               c_w.l(heapauxi.o)
    0x0800028e   0x0800028e   0x00000002   PAD
    0x08000290   0x08000290   0x00000008   Code   RO          253    .text               c_w.l(libspace.o)
    0x08000298   0x08000298   0x0000004a   Code   RO          256    .text               c_w.l(sys_stackheap_outer.o)
    0x080002e2   0x080002e2   0x00000012   Code   RO          258    .text               c_w.l(exit.o)
    0x080002f4   0x080002f4   0x0000000c   Code   RO          326    .text               c_w.l(sys_exit.o)
    0x08000300   0x08000300   0x00000002   Code   RO          341    .text               c_w.l(use_no_semi.o)
    0x08000302   0x08000302   0x00000000   Code   RO          343    .text               c_w.l(indicate_semi.o)
    0x08000302   0x08000302   0x00000002   PAD
    0x08000304   0x08000304   0x00000070   Code   RO            4    .text.ADC_init      main.o
    0x08000374   0x08000374   0x000000a2   Code   RO           99    .text.GPIO_Write_HIGH  h_gpio.o
    0x08000416   0x08000416   0x00000002   PAD
    0x08000418   0x08000418   0x000000b2   Code   RO          101    .text.GPIO_Write_LOW  h_gpio.o
    0x080004ca   0x080004ca   0x00000002   PAD
    0x080004cc   0x080004cc   0x0000023c   Code   RO           95    .text.GPIO_init     h_gpio.o
    0x08000708   0x08000708   0x0000004a   Code   RO            8    .text.Read_ADC      main.o
    0x08000752   0x08000752   0x00000002   PAD
    0x08000754   0x08000754   0x00000046   Code   RO            6    .text.Read_ADC_Avg  main.o
    0x0800079a   0x0800079a   0x00000002   PAD
    0x0800079c   0x0800079c   0x000001b8   Code   RO           18    .text.SPI_init      h_spi.o
    0x08000954   0x08000954   0x00000012   Code   RO          121    .text.SystemInit    system_stm32f4xx.o
    0x08000966   0x08000966   0x00000002   PAD
    0x08000968   0x08000968   0x00000080   Code   RO           45    .text.delay_ms      ili9225.o
    0x080009e8   0x080009e8   0x0000014c   Code   RO           71    .text.drawCircle    ili9225.o
    0x08000b34   0x08000b34   0x0000004e   Code   RO           53    .text.draw_pixel    ili9225.o
    0x08000b82   0x08000b82   0x00000002   PAD
    0x08000b84   0x08000b84   0x000000e8   Code   RO           57    .text.fill_rectangle  ili9225.o
    0x08000c6c   0x08000c6c   0x00000004   PAD
    0x08000c70   0x08000c70   0x00000058   Code   RO           49    .text.lcd_init      ili9225.o
    0x08000cc8   0x08000cc8   0x000001d8   Code   RO           51    .text.lcd_init_command_list  ili9225.o
    0x08000ea0   0x08000ea0   0x00000034   Code   RO           37    .text.lcd_write_command  ili9225.o
    0x08000ed4   0x08000ed4   0x00000034   Code   RO           35    .text.lcd_write_data  ili9225.o
    0x08000f08   0x08000f08   0x0000002c   Code   RO           39    .text.lcd_write_register  ili9225.o
    0x08000f34   0x08000f34   0x00000004   PAD
    0x08000f38   0x08000f38   0x00000120   Code   RO            2    .text.main          main.o
    0x08001058   0x08001058   0x00000096   Code   RO           55    .text.set_draw_window  ili9225.o
    0x080010ee   0x080010ee   0x00000002   PAD
    0x080010f0   0x080010f0   0x0000004e   Code   RO           33    .text.spi_write     ili9225.o
    0x0800113e   0x0800113e   0x00000002   PAD
    0x08001140   0x08001140   0x00000022   Code   RO           43    .text.swap_char     ili9225.o
    0x08001162   0x08001162   0x00000002   PAD
    0x08001164   0x08001164   0x00000150   Code   RO          140    x$fpl$dadd          fz_wm.l(daddsub_clz.o)
    0x080012b4   0x080012b4   0x00000018   Code   RO          241    x$fpl$dcmpinf       fz_wm.l(dcmpi.o)
    0x080012cc   0x080012cc   0x00000078   Code   RO          183    x$fpl$deqf          fz_wm.l(deqf.o)
    0x08001344   0x08001344   0x00000078   Code   RO          185    x$fpl$dgeqf         fz_wm.l(dgeqf.o)
    0x080013bc   0x080013bc   0x00000078   Code   RO          187    x$fpl$dleqf         fz_wm.l(dleqf.o)
    0x08001434   0x08001434   0x0000009c   Code   RO          189    x$fpl$dnaninf       fz_wm.l(dnaninf.o)
    0x080014d0   0x080014d0   0x0000000c   Code   RO          191    x$fpl$dretinf       fz_wm.l(dretinf.o)
    0x080014dc   0x080014dc   0x000001dc   Code   RO          142    x$fpl$dsub          fz_wm.l(daddsub_clz.o)
    0x080016b8   0x080016b8   0x00000054   Code   RO          146    x$fpl$fcmp          fz_wm.l(dcmp.o)
    0x0800170c   0x0800170c   0x0000001a   Code   RO          324    x$fpl$fpinit        fz_wm.l(fpinit.o)
    0x08001726   0x08001726   0x00000000   Code   RO          195    x$fpl$usenofp       fz_wm.l(usenofp.o)
    0x08001726   0x08001726   0x00000002   PAD
    0x08001728   0x08001728   0x00000010   Data   RO          399    Region$$Table       anon$$obj.o


    Execution Region ER_RW (Exec base: 0x20000000, Load base: 0x08001738, Size: 0x00000000, Max: 0xffffffff, ABSOLUTE)

    **** No section assigned to this execution region ****


    Execution Region ER_ZI (Exec base: 0x20000000, Load base: 0x08001738, Size: 0x00000660, Max: 0xffffffff, ABSOLUTE)

    Exec Addr    Load Addr    Size         Type   Attr      Idx    E Section Name        Object

    0x20000000        -       0x00000060   Zero   RW          254    .bss                c_w.l(libspace.o)
    0x20000060        -       0x00000200   Zero   RW          112    HEAP                startup_stm32f411xe.o
    0x20000260        -       0x00000400   Zero   RW          111    STACK               startup_stm32f411xe.o


==============================================================================

Image component sizes


      Code (inc. data)   RO Data    RW Data    ZI Data      Debug   Object Name

       912          0          0          0          0       3260   h_gpio.o
       440          0          0          0          0       2749   h_spi.o
      1740         40          0          0          0       9511   ili9225.o
       544          8          0          0          0       2994   main.o
        64         26        408          0       1536        916   startup_stm32f411xe.o
        18          0          0          0          0       2729   system_stm32f4xx.o

    ----------------------------------------------------------------------
      3744         74        424          0       1536      22159   Object Totals
         0          0         16          0          0          0   (incl. Generated)
        26          0          0          0          0          0   (incl. Padding)

    ----------------------------------------------------------------------

      Code (inc. data)   RO Data    RW Data    ZI Data      Debug   Library Member Name

         8          0          0          0          0         68   __main.o
         0          0          0          0          0          0   __rtentry.o
        12          0          0          0          0          0   __rtentry2.o
         6          0          0          0          0          0   __rtentry4.o
        94          8          0          0          0          0   __scatter.o
        28          0          0          0          0          0   __scatter_zi.o
        18          0          0          0          0         80   exit.o
         6          0          0          0          0        152   heapauxi.o
         0          0          0          0          0          0   indicate_semi.o
         2          0          0          0          0          0   libinit.o
         6          0          0          0          0          0   libinit2.o
         2          0          0          0          0          0   libshutdown.o
         2          0          0          0          0          0   libshutdown2.o
         8          4          0          0         96         68   libspace.o
         2          0          0          0          0          0   rtexit.o
        10          0          0          0          0          0   rtexit2.o
        12          4          0          0          0         68   sys_exit.o
        74          0          0          0          0         80   sys_stackheap_outer.o
         2          0          0          0          0         68   use_no_semi.o
       812         16          0          0          0        392   daddsub_clz.o
        84          0          0          0          0        244   dcmp.o
        24          0          0          0          0        116   dcmpi.o
       120          4          0          0          0        140   deqf.o
       120          4          0          0          0        140   dgeqf.o
       120          4          0          0          0        140   dleqf.o
       156          4          0          0          0        140   dnaninf.o
        12          0          0          0          0        116   dretinf.o
        26          0          0          0          0        116   fpinit.o
         0          0          0          0          0          0   usenofp.o

    ----------------------------------------------------------------------
      1776         48          0          0         96       2128   Library Totals
        10          0          0          0          0          0   (incl. Padding)

    ----------------------------------------------------------------------

      Code (inc. data)   RO Data    RW Data    ZI Data      Debug   Library Name

       292         16          0          0         96        584   c_w.l
      1474         32          0          0          0       1544   fz_wm.l

    ----------------------------------------------------------------------
      1776         48          0          0         96       2128   Library Totals

    ----------------------------------------------------------------------

==============================================================================


      Code (inc. data)   RO Data    RW Data    ZI Data      Debug   

      5520        122        424          0       1632      23151   Grand Totals
      5520        122        424          0       1632      23151   ELF Image Totals
      5520        122        424          0          0          0   ROM Totals

==============================================================================

    Total RO  Size (Code + RO Data)                 5944 (   5.80kB)
    Total RW  Size (RW Data + ZI Data)              1632 (   1.59kB)
    Total ROM Size (Code + RO Data + RW Data)       5944 (   5.80kB)

==============================================================================

